Component: ARM Compiler 5.06 update 7 (build 960) Tool: armlink [4d3601]

==============================================================================

Section Cross References

    startup.o(STACK) refers (Special) to heapauxi.o(.text) for __use_two_region_memory
    startup.o(HEAP) refers (Special) to heapauxi.o(.text) for __use_two_region_memory
    startup.o(RESET) refers (Special) to heapauxi.o(.text) for __use_two_region_memory
    startup.o(RESET) refers to startup.o(STACK) for StackMem
    startup.o(RESET) refers to gpio.o(i.Timer2A_Handler) for Timer2A_Handler
    startup.o(RESET) refers to gpio.o(i.GPIOPortJ_Handler) for GPIOPortJ_Handler
    startup.o(RESET) refers to __main.o(!!!main) for __main
    startup.o(.text) refers (Special) to heapauxi.o(.text) for __use_two_region_memory
    startup.o(.text) refers to startup.o(HEAP) for HeapMem
    startup.o(.text) refers to startup.o(STACK) for StackMem
    main.o(i.BlinkLED) refers to gpio.o(i.PortP_Output) for PortP_Output
    main.o(i.BlinkLED) refers to gpio.o(i.PortA_Output) for PortA_Output
    main.o(i.BlinkLED) refers to gpio.o(i.PortQ_Output) for PortQ_Output
    main.o(i.main) refers to utils.o(.text) for PLL_Init
    main.o(i.main) refers to gpio.o(i.GPIO_Init) for GPIO_Init
    main.o(i.main) refers to lcd.o(i.LCD_Init) for LCD_Init
    main.o(i.main) refers to matriz_keyboard.o(i.zerar_memoria) for zerar_memoria
    main.o(i.main) refers to lcd.o(i.LCD_Reset) for LCD_Reset
    main.o(i.main) refers to lcd.o(i.LCD_PrintString) for LCD_PrintString
    main.o(i.main) refers to lcd.o(i.LCD_Line2) for LCD_Line2
    main.o(i.main) refers to stepper_motor.o(i.Stepper_Motor_Init) for Stepper_Motor_Init
    main.o(i.main) refers to matriz_keyboard.o(i.MapMatrixKeyboard) for MapMatrixKeyboard
    main.o(i.main) refers to stepper_motor.o(i.Control_Stepper_Motor) for Control_Stepper_Motor
    main.o(i.main) refers to main.o(.constdata) for TABUADA_INIT1
    main.o(i.main) refers to main.o(.data) for R10
    main.o(i.main) refers to matriz_keyboard.o(.data) for motor_State
    main.o(i.main) refers to gpio.o(.data) for stepperMotorActive
    gpio.o(i.GPIOPortJ_Handler) refers to gpio.o(i.PortJ_Input) for PortJ_Input
    gpio.o(i.GPIOPortJ_Handler) refers to matriz_keyboard.o(i.zerar_memoria) for zerar_memoria
    gpio.o(i.GPIOPortJ_Handler) refers to lcd.o(i.print_status) for print_status
    gpio.o(i.GPIOPortJ_Handler) refers to matriz_keyboard.o(.data) for motor_State
    gpio.o(i.GPIO_Init) refers to startup.o(.text) for EnableInterrupts
    gpio.o(i.Timer2A_Handler) refers to gpio.o(.data) for stepperMotorActive
    matriz_keyboard.o(i.DIGIT_0) refers to matriz_keyboard.o(i.Debouncing) for Debouncing
    matriz_keyboard.o(i.DIGIT_0) refers to matriz_keyboard.o(i.process_digit) for process_digit
    matriz_keyboard.o(i.DIGIT_1) refers to matriz_keyboard.o(i.Debouncing) for Debouncing
    matriz_keyboard.o(i.DIGIT_1) refers to matriz_keyboard.o(i.process_digit) for process_digit
    matriz_keyboard.o(i.DIGIT_1) refers to stepper_motor.o(i.calculate_steps) for calculate_steps
    matriz_keyboard.o(i.DIGIT_1) refers to matriz_keyboard.o(.data) for dir
    matriz_keyboard.o(i.DIGIT_2) refers to matriz_keyboard.o(i.Debouncing) for Debouncing
    matriz_keyboard.o(i.DIGIT_2) refers to matriz_keyboard.o(i.process_digit) for process_digit
    matriz_keyboard.o(i.DIGIT_2) refers to stepper_motor.o(i.calculate_steps) for calculate_steps
    matriz_keyboard.o(i.DIGIT_2) refers to matriz_keyboard.o(.data) for dir
    matriz_keyboard.o(i.DIGIT_3) refers to matriz_keyboard.o(i.Debouncing) for Debouncing
    matriz_keyboard.o(i.DIGIT_3) refers to matriz_keyboard.o(i.process_digit) for process_digit
    matriz_keyboard.o(i.DIGIT_3) refers to stepper_motor.o(i.calculate_steps) for calculate_steps
    matriz_keyboard.o(i.DIGIT_3) refers to matriz_keyboard.o(.data) for dir
    matriz_keyboard.o(i.DIGIT_4) refers to matriz_keyboard.o(i.Debouncing) for Debouncing
    matriz_keyboard.o(i.DIGIT_4) refers to matriz_keyboard.o(i.process_digit) for process_digit
    matriz_keyboard.o(i.DIGIT_4) refers to stepper_motor.o(i.calculate_steps) for calculate_steps
    matriz_keyboard.o(i.DIGIT_4) refers to matriz_keyboard.o(.data) for dir
    matriz_keyboard.o(i.DIGIT_5) refers to matriz_keyboard.o(i.Debouncing) for Debouncing
    matriz_keyboard.o(i.DIGIT_5) refers to matriz_keyboard.o(i.process_digit) for process_digit
    matriz_keyboard.o(i.DIGIT_5) refers to stepper_motor.o(i.calculate_steps) for calculate_steps
    matriz_keyboard.o(i.DIGIT_5) refers to matriz_keyboard.o(.data) for dir
    matriz_keyboard.o(i.DIGIT_6) refers to matriz_keyboard.o(i.Debouncing) for Debouncing
    matriz_keyboard.o(i.DIGIT_6) refers to matriz_keyboard.o(i.process_digit) for process_digit
    matriz_keyboard.o(i.DIGIT_6) refers to stepper_motor.o(i.calculate_steps) for calculate_steps
    matriz_keyboard.o(i.DIGIT_6) refers to matriz_keyboard.o(.data) for dir
    matriz_keyboard.o(i.DIGIT_7) refers to matriz_keyboard.o(i.Debouncing) for Debouncing
    matriz_keyboard.o(i.DIGIT_7) refers to matriz_keyboard.o(i.process_digit) for process_digit
    matriz_keyboard.o(i.DIGIT_7) refers to stepper_motor.o(i.calculate_steps) for calculate_steps
    matriz_keyboard.o(i.DIGIT_7) refers to matriz_keyboard.o(.data) for dir
    matriz_keyboard.o(i.DIGIT_8) refers to matriz_keyboard.o(i.Debouncing) for Debouncing
    matriz_keyboard.o(i.DIGIT_8) refers to matriz_keyboard.o(i.process_digit) for process_digit
    matriz_keyboard.o(i.DIGIT_8) refers to stepper_motor.o(i.calculate_steps) for calculate_steps
    matriz_keyboard.o(i.DIGIT_8) refers to matriz_keyboard.o(.data) for dir
    matriz_keyboard.o(i.DIGIT_9) refers to matriz_keyboard.o(i.Debouncing) for Debouncing
    matriz_keyboard.o(i.DIGIT_9) refers to matriz_keyboard.o(i.process_digit) for process_digit
    matriz_keyboard.o(i.DIGIT_9) refers to stepper_motor.o(i.calculate_steps) for calculate_steps
    matriz_keyboard.o(i.DIGIT_9) refers to matriz_keyboard.o(.data) for dir
    matriz_keyboard.o(i.DIGIT_A) refers to matriz_keyboard.o(i.Debouncing) for Debouncing
    matriz_keyboard.o(i.DIGIT_A) refers to matriz_keyboard.o(i.process_digit) for process_digit
    matriz_keyboard.o(i.DIGIT_A) refers to stepper_motor.o(i.calculate_steps) for calculate_steps
    matriz_keyboard.o(i.DIGIT_A) refers to matriz_keyboard.o(.data) for dir
    matriz_keyboard.o(i.DIGIT_AST) refers to matriz_keyboard.o(i.Debouncing) for Debouncing
    matriz_keyboard.o(i.DIGIT_B) refers to matriz_keyboard.o(i.Debouncing) for Debouncing
    matriz_keyboard.o(i.DIGIT_B) refers to matriz_keyboard.o(i.process_digit) for process_digit
    matriz_keyboard.o(i.DIGIT_B) refers to stepper_motor.o(i.calculate_steps) for calculate_steps
    matriz_keyboard.o(i.DIGIT_B) refers to matriz_keyboard.o(.data) for dir
    matriz_keyboard.o(i.DIGIT_C) refers to matriz_keyboard.o(i.Debouncing) for Debouncing
    matriz_keyboard.o(i.DIGIT_C) refers to matriz_keyboard.o(i.process_digit) for process_digit
    matriz_keyboard.o(i.DIGIT_C) refers to stepper_motor.o(i.calculate_steps) for calculate_steps
    matriz_keyboard.o(i.DIGIT_C) refers to matriz_keyboard.o(.data) for dir
    matriz_keyboard.o(i.Debouncing) refers to utils.o(.text) for SysTick_Wait1ms
    matriz_keyboard.o(i.MapMatrixKeyboard) refers to gpio.o(i.PortM_Output) for PortM_Output
    matriz_keyboard.o(i.MapMatrixKeyboard) refers to gpio.o(i.PortL_Input) for PortL_Input
    matriz_keyboard.o(i.MapMatrixKeyboard) refers to matriz_keyboard.o(i.DIGIT_1) for DIGIT_1
    matriz_keyboard.o(i.MapMatrixKeyboard) refers to matriz_keyboard.o(i.DIGIT_4) for DIGIT_4
    matriz_keyboard.o(i.MapMatrixKeyboard) refers to matriz_keyboard.o(i.DIGIT_7) for DIGIT_7
    matriz_keyboard.o(i.MapMatrixKeyboard) refers to matriz_keyboard.o(i.DIGIT_AST) for DIGIT_AST
    matriz_keyboard.o(i.MapMatrixKeyboard) refers to matriz_keyboard.o(i.DIGIT_2) for DIGIT_2
    matriz_keyboard.o(i.MapMatrixKeyboard) refers to matriz_keyboard.o(i.DIGIT_5) for DIGIT_5
    matriz_keyboard.o(i.MapMatrixKeyboard) refers to matriz_keyboard.o(i.DIGIT_8) for DIGIT_8
    matriz_keyboard.o(i.MapMatrixKeyboard) refers to matriz_keyboard.o(i.DIGIT_0) for DIGIT_0
    matriz_keyboard.o(i.MapMatrixKeyboard) refers to matriz_keyboard.o(i.DIGIT_3) for DIGIT_3
    matriz_keyboard.o(i.MapMatrixKeyboard) refers to matriz_keyboard.o(i.DIGIT_6) for DIGIT_6
    matriz_keyboard.o(i.MapMatrixKeyboard) refers to matriz_keyboard.o(i.DIGIT_9) for DIGIT_9
    matriz_keyboard.o(i.MapMatrixKeyboard) refers to matriz_keyboard.o(i.DIGIT_A) for DIGIT_A
    matriz_keyboard.o(i.MapMatrixKeyboard) refers to matriz_keyboard.o(i.DIGIT_B) for DIGIT_B
    matriz_keyboard.o(i.MapMatrixKeyboard) refers to matriz_keyboard.o(i.DIGIT_C) for DIGIT_C
    matriz_keyboard.o(i.process_digit) refers to matriz_keyboard.o(i.update_degrees) for update_degrees
    matriz_keyboard.o(i.process_digit) refers to lcd.o(i.print_status) for print_status
    matriz_keyboard.o(i.update_degrees) refers to matriz_keyboard.o(.data) for degrees
    matriz_keyboard.o(i.zerar_memoria) refers to matriz_keyboard.o(.data) for degrees
    lcd.o(i.LCD_Data) refers to gpio.o(i.PortM_Output) for PortM_Output
    lcd.o(i.LCD_Data) refers to gpio.o(i.PortK_Output) for PortK_Output
    lcd.o(i.LCD_Data) refers to utils.o(.text) for SysTick_Wait1ms
    lcd.o(i.LCD_Init) refers to lcd.o(i.LCD_Instruction) for LCD_Instruction
    lcd.o(i.LCD_Instruction) refers to gpio.o(i.PortM_Output) for PortM_Output
    lcd.o(i.LCD_Instruction) refers to gpio.o(i.PortK_Output) for PortK_Output
    lcd.o(i.LCD_Instruction) refers to utils.o(.text) for SysTick_Wait1ms
    lcd.o(i.LCD_Line2) refers to lcd.o(i.LCD_Instruction) for LCD_Instruction
    lcd.o(i.LCD_Line2) refers to utils.o(.text) for SysTick_Wait1ms
    lcd.o(i.LCD_PrintString) refers to lcd.o(i.LCD_Data) for LCD_Data
    lcd.o(i.LCD_Reset) refers to lcd.o(i.LCD_Instruction) for LCD_Instruction
    lcd.o(i.LCD_Reset) refers to utils.o(.text) for SysTick_Wait1ms
    lcd.o(i.print_numero) refers to lcd.o(i.LCD_PrintString) for LCD_PrintString
    lcd.o(i.print_status) refers to lcd.o(i.LCD_Reset) for LCD_Reset
    lcd.o(i.print_status) refers to lcd.o(i.LCD_PrintString) for LCD_PrintString
    lcd.o(i.print_status) refers to lcd.o(i.print_numero) for print_numero
    lcd.o(i.print_status) refers to lcd.o(i.LCD_Line2) for LCD_Line2
    lcd.o(i.print_status) refers to matriz_keyboard.o(.data) for degrees
    stepper_motor.o(i.Control_Stepper_Motor) refers to gpio.o(i.PortH_Output) for PortH_Output
    stepper_motor.o(i.Control_Stepper_Motor) refers to utils.o(.text) for SysTick_Wait1ms
    stepper_motor.o(i.Control_Stepper_Motor) refers to stepper_motor.o(.data) for steps_to_do
    stepper_motor.o(i.Control_Stepper_Motor) refers to gpio.o(.data) for stepperMotorActive
    stepper_motor.o(i.Stepper_Motor_Init) refers to gpio.o(i.PortH_Output) for PortH_Output
    stepper_motor.o(i.calculate_steps) refers to dflt_clz.o(x$fpl$dfltu) for __aeabi_ui2d
    stepper_motor.o(i.calculate_steps) refers to ddiv.o(x$fpl$ddiv) for __aeabi_ddiv
    stepper_motor.o(i.calculate_steps) refers to ceil.o(i.__hardfp_ceil) for __hardfp_ceil
    stepper_motor.o(i.calculate_steps) refers to dfixu.o(x$fpl$dfixu) for __aeabi_d2uiz
    stepper_motor.o(i.calculate_steps) refers to matriz_keyboard.o(.data) for motor_State
    stepper_motor.o(i.calculate_steps) refers to stepper_motor.o(.data) for steps_to_do
    __main.o(!!!main) refers to __rtentry.o(.ARM.Collect$$rtentry$$00000000) for __rt_entry
    ddiv.o(x$fpl$drdiv) refers (Special) to usenofp.o(x$fpl$usenofp) for __I$use$fp
    ddiv.o(x$fpl$drdiv) refers to ddiv.o(x$fpl$ddiv) for ddiv_entry
    ddiv.o(x$fpl$ddiv) refers (Special) to usenofp.o(x$fpl$usenofp) for __I$use$fp
    ddiv.o(x$fpl$ddiv) refers to dretinf.o(x$fpl$dretinf) for __fpl_dretinf
    ddiv.o(x$fpl$ddiv) refers to dnaninf.o(x$fpl$dnaninf) for __fpl_dnaninf
    dfixu.o(x$fpl$dfixu) refers (Special) to usenofp.o(x$fpl$usenofp) for __I$use$fp
    dfixu.o(x$fpl$dfixu) refers to dnaninf.o(x$fpl$dnaninf) for __fpl_dnaninf
    dfixu.o(x$fpl$dfixur) refers (Special) to usenofp.o(x$fpl$usenofp) for __I$use$fp
    dfixu.o(x$fpl$dfixur) refers to dnaninf.o(x$fpl$dnaninf) for __fpl_dnaninf
    dflt_clz.o(x$fpl$dfltu) refers (Special) to usenofp.o(x$fpl$usenofp) for __I$use$fp
    dflt_clz.o(x$fpl$dflt) refers (Special) to usenofp.o(x$fpl$usenofp) for __I$use$fp
    dflt_clz.o(x$fpl$dfltn) refers (Special) to usenofp.o(x$fpl$usenofp) for __I$use$fp
    ceil.o(i.__hardfp_ceil) refers (Special) to usenofp.o(x$fpl$usenofp) for __I$use$fp
    ceil.o(i.__hardfp_ceil) refers to daddsub_clz.o(x$fpl$dadd) for __aeabi_dadd
    ceil.o(i.__hardfp_ceil) refers to drleqf.o(x$fpl$drleqf) for __aeabi_cdrcmple
    ceil.o(i.__hardfp_ceil) refers to daddsub_clz.o(x$fpl$drsb) for __aeabi_drsub
    ceil.o(i.__softfp_ceil) refers (Special) to usenofp.o(x$fpl$usenofp) for __I$use$fp
    ceil.o(i.__softfp_ceil) refers to ceil.o(i.__hardfp_ceil) for __hardfp_ceil
    ceil.o(i.ceil) refers (Special) to usenofp.o(x$fpl$usenofp) for __I$use$fp
    ceil.o(i.ceil) refers to ceil.o(i.__hardfp_ceil) for __hardfp_ceil
    __rtentry.o(.ARM.Collect$$rtentry$$00000000) refers (Special) to __rtentry2.o(.ARM.Collect$$rtentry$$0000000A) for __rt_entry_li
    __rtentry.o(.ARM.Collect$$rtentry$$00000000) refers (Special) to __rtentry2.o(.ARM.Collect$$rtentry$$0000000D) for __rt_entry_main
    __rtentry.o(.ARM.Collect$$rtentry$$00000000) refers (Special) to __rtentry2.o(.ARM.Collect$$rtentry$$0000000C) for __rt_entry_postli_1
    __rtentry.o(.ARM.Collect$$rtentry$$00000000) refers (Special) to __rtentry2.o(.ARM.Collect$$rtentry$$00000009) for __rt_entry_postsh_1
    __rtentry.o(.ARM.Collect$$rtentry$$00000000) refers (Special) to __rtentry2.o(.ARM.Collect$$rtentry$$00000002) for __rt_entry_presh_1
    __rtentry.o(.ARM.Collect$$rtentry$$00000000) refers (Special) to __rtentry4.o(.ARM.Collect$$rtentry$$00000004) for __rt_entry_sh
    daddsub_clz.o(x$fpl$dadd) refers (Special) to usenofp.o(x$fpl$usenofp) for __I$use$fp
    daddsub_clz.o(x$fpl$dadd) refers to daddsub_clz.o(x$fpl$dsub) for _dsub1
    daddsub_clz.o(x$fpl$dadd) refers to dretinf.o(x$fpl$dretinf) for __fpl_dretinf
    daddsub_clz.o(x$fpl$dadd) refers to dnaninf.o(x$fpl$dnaninf) for __fpl_dnaninf
    daddsub_clz.o(x$fpl$drsb) refers (Special) to usenofp.o(x$fpl$usenofp) for __I$use$fp
    daddsub_clz.o(x$fpl$drsb) refers to daddsub_clz.o(x$fpl$dadd) for _dadd1
    daddsub_clz.o(x$fpl$drsb) refers to daddsub_clz.o(x$fpl$dsub) for _dsub1
    daddsub_clz.o(x$fpl$dsub) refers (Special) to usenofp.o(x$fpl$usenofp) for __I$use$fp
    daddsub_clz.o(x$fpl$dsub) refers to daddsub_clz.o(x$fpl$dadd) for _dadd1
    daddsub_clz.o(x$fpl$dsub) refers to dnaninf.o(x$fpl$dnaninf) for __fpl_dnaninf
    dnaninf.o(x$fpl$dnaninf) refers (Special) to usenofp.o(x$fpl$usenofp) for __I$use$fp
    dretinf.o(x$fpl$dretinf) refers (Special) to usenofp.o(x$fpl$usenofp) for __I$use$fp
    drleqf.o(x$fpl$drleqf) refers (Special) to usenofp.o(x$fpl$usenofp) for __I$use$fp
    drleqf.o(x$fpl$drleqf) refers to dleqf.o(x$fpl$dleqf) for __fpl_dcmple_InfNaN
    __rtentry2.o(.ARM.Collect$$rtentry$$00000008) refers to boardinit2.o(.text) for _platform_post_stackheap_init
    __rtentry2.o(.ARM.Collect$$rtentry$$0000000A) refers to libinit.o(.ARM.Collect$$libinit$$00000000) for __rt_lib_init
    __rtentry2.o(.ARM.Collect$$rtentry$$0000000B) refers to boardinit3.o(.text) for _platform_post_lib_init
    __rtentry2.o(.ARM.Collect$$rtentry$$0000000D) refers to main.o(i.main) for main
    __rtentry2.o(.ARM.Collect$$rtentry$$0000000D) refers to exit.o(.text) for exit
    __rtentry2.o(.ARM.exidx) refers to __rtentry2.o(.ARM.Collect$$rtentry$$00000001) for .ARM.Collect$$rtentry$$00000001
    __rtentry2.o(.ARM.exidx) refers to __rtentry2.o(.ARM.Collect$$rtentry$$00000008) for .ARM.Collect$$rtentry$$00000008
    __rtentry2.o(.ARM.exidx) refers to __rtentry2.o(.ARM.Collect$$rtentry$$0000000A) for .ARM.Collect$$rtentry$$0000000A
    __rtentry2.o(.ARM.exidx) refers to __rtentry2.o(.ARM.Collect$$rtentry$$0000000B) for .ARM.Collect$$rtentry$$0000000B
    __rtentry2.o(.ARM.exidx) refers to __rtentry2.o(.ARM.Collect$$rtentry$$0000000D) for .ARM.Collect$$rtentry$$0000000D
    __rtentry4.o(.ARM.Collect$$rtentry$$00000004) refers to sys_stackheap_outer.o(.text) for __user_setup_stackheap
    __rtentry4.o(.ARM.exidx) refers to __rtentry4.o(.ARM.Collect$$rtentry$$00000004) for .ARM.Collect$$rtentry$$00000004
    dleqf.o(x$fpl$dleqf) refers (Special) to usenofp.o(x$fpl$usenofp) for __I$use$fp
    dleqf.o(x$fpl$dleqf) refers to dnaninf.o(x$fpl$dnaninf) for __fpl_dnaninf
    dleqf.o(x$fpl$dleqf) refers to dcmpi.o(x$fpl$dcmpinf) for __fpl_dcmp_Inf
    sys_stackheap_outer.o(.text) refers to libspace.o(.text) for __user_perproc_libspace
    sys_stackheap_outer.o(.text) refers to startup.o(.text) for __user_initial_stackheap
    exit.o(.text) refers to rtexit.o(.ARM.Collect$$rtexit$$00000000) for __rt_exit
    libinit.o(.ARM.Collect$$libinit$$00000000) refers (Special) to libinit2.o(.ARM.Collect$$libinit$$0000002E) for __rt_lib_init_alloca_1
    libinit.o(.ARM.Collect$$libinit$$00000000) refers (Special) to libinit2.o(.ARM.Collect$$libinit$$0000002C) for __rt_lib_init_argv_1
    libinit.o(.ARM.Collect$$libinit$$00000000) refers (Special) to libinit2.o(.ARM.Collect$$libinit$$0000001B) for __rt_lib_init_atexit_1
    libinit.o(.ARM.Collect$$libinit$$00000000) refers (Special) to libinit2.o(.ARM.Collect$$libinit$$00000021) for __rt_lib_init_clock_1
    libinit.o(.ARM.Collect$$libinit$$00000000) refers (Special) to libinit2.o(.ARM.Collect$$libinit$$00000032) for __rt_lib_init_cpp_1
    libinit.o(.ARM.Collect$$libinit$$00000000) refers (Special) to libinit2.o(.ARM.Collect$$libinit$$00000030) for __rt_lib_init_exceptions_1
    libinit.o(.ARM.Collect$$libinit$$00000000) refers (Special) to libinit2.o(.ARM.Collect$$libinit$$00000001) for __rt_lib_init_fp_1
    libinit.o(.ARM.Collect$$libinit$$00000000) refers (Special) to libinit2.o(.ARM.Collect$$libinit$$0000001F) for __rt_lib_init_fp_trap_1
    libinit.o(.ARM.Collect$$libinit$$00000000) refers (Special) to libinit2.o(.ARM.Collect$$libinit$$00000023) for __rt_lib_init_getenv_1
    libinit.o(.ARM.Collect$$libinit$$00000000) refers (Special) to libinit2.o(.ARM.Collect$$libinit$$0000000A) for __rt_lib_init_heap_1
    libinit.o(.ARM.Collect$$libinit$$00000000) refers (Special) to libinit2.o(.ARM.Collect$$libinit$$00000011) for __rt_lib_init_lc_collate_1
    libinit.o(.ARM.Collect$$libinit$$00000000) refers (Special) to libinit2.o(.ARM.Collect$$libinit$$00000013) for __rt_lib_init_lc_ctype_1
    libinit.o(.ARM.Collect$$libinit$$00000000) refers (Special) to libinit2.o(.ARM.Collect$$libinit$$00000015) for __rt_lib_init_lc_monetary_1
    libinit.o(.ARM.Collect$$libinit$$00000000) refers (Special) to libinit2.o(.ARM.Collect$$libinit$$00000017) for __rt_lib_init_lc_numeric_1
    libinit.o(.ARM.Collect$$libinit$$00000000) refers (Special) to libinit2.o(.ARM.Collect$$libinit$$00000019) for __rt_lib_init_lc_time_1
    libinit.o(.ARM.Collect$$libinit$$00000000) refers (Special) to libinit2.o(.ARM.Collect$$libinit$$00000004) for __rt_lib_init_preinit_1
    libinit.o(.ARM.Collect$$libinit$$00000000) refers (Special) to libinit2.o(.ARM.Collect$$libinit$$0000000E) for __rt_lib_init_rand_1
    libinit.o(.ARM.Collect$$libinit$$00000000) refers (Special) to libinit2.o(.ARM.Collect$$libinit$$00000033) for __rt_lib_init_return
    libinit.o(.ARM.Collect$$libinit$$00000000) refers (Special) to libinit2.o(.ARM.Collect$$libinit$$0000001D) for __rt_lib_init_signal_1
    libinit.o(.ARM.Collect$$libinit$$00000000) refers (Special) to libinit2.o(.ARM.Collect$$libinit$$00000025) for __rt_lib_init_stdio_1
    libinit.o(.ARM.Collect$$libinit$$00000000) refers (Special) to libinit2.o(.ARM.Collect$$libinit$$0000000C) for __rt_lib_init_user_alloc_1
    dcmpi.o(x$fpl$dcmpinf) refers (Special) to usenofp.o(x$fpl$usenofp) for __I$use$fp
    libspace.o(.text) refers to libspace.o(.bss) for __libspace_start
    rtexit.o(.ARM.Collect$$rtexit$$00000000) refers (Special) to rtexit2.o(.ARM.Collect$$rtexit$$00000004) for __rt_exit_exit
    rtexit.o(.ARM.Collect$$rtexit$$00000000) refers (Special) to rtexit2.o(.ARM.Collect$$rtexit$$00000003) for __rt_exit_ls
    rtexit.o(.ARM.Collect$$rtexit$$00000000) refers (Special) to rtexit2.o(.ARM.Collect$$rtexit$$00000002) for __rt_exit_prels_1
    rtexit.o(.ARM.exidx) refers (Special) to rtexit2.o(.ARM.Collect$$rtexit$$00000004) for __rt_exit_exit
    rtexit.o(.ARM.exidx) refers (Special) to rtexit2.o(.ARM.Collect$$rtexit$$00000003) for __rt_exit_ls
    rtexit.o(.ARM.exidx) refers (Special) to rtexit2.o(.ARM.Collect$$rtexit$$00000002) for __rt_exit_prels_1
    rtexit.o(.ARM.exidx) refers to rtexit.o(.ARM.Collect$$rtexit$$00000000) for .ARM.Collect$$rtexit$$00000000
    libinit2.o(.ARM.Collect$$libinit$$00000001) refers to fpinit.o(x$fpl$fpinit) for _fp_init
    libinit2.o(.ARM.Collect$$libinit$$00000010) refers to libinit2.o(.ARM.Collect$$libinit$$0000000F) for .ARM.Collect$$libinit$$0000000F
    libinit2.o(.ARM.Collect$$libinit$$00000012) refers to libinit2.o(.ARM.Collect$$libinit$$0000000F) for .ARM.Collect$$libinit$$0000000F
    libinit2.o(.ARM.Collect$$libinit$$00000014) refers to libinit2.o(.ARM.Collect$$libinit$$0000000F) for .ARM.Collect$$libinit$$0000000F
    libinit2.o(.ARM.Collect$$libinit$$00000016) refers to libinit2.o(.ARM.Collect$$libinit$$0000000F) for .ARM.Collect$$libinit$$0000000F
    libinit2.o(.ARM.Collect$$libinit$$00000018) refers to libinit2.o(.ARM.Collect$$libinit$$0000000F) for .ARM.Collect$$libinit$$0000000F
    libinit2.o(.ARM.Collect$$libinit$$00000026) refers to argv_veneer.o(.emb_text) for __ARM_argv_veneer
    libinit2.o(.ARM.Collect$$libinit$$00000027) refers to argv_veneer.o(.emb_text) for __ARM_argv_veneer
    rtexit2.o(.ARM.Collect$$rtexit$$00000003) refers to libshutdown.o(.ARM.Collect$$libshutdown$$00000000) for __rt_lib_shutdown
    rtexit2.o(.ARM.Collect$$rtexit$$00000004) refers to sys_exit.o(.text) for _sys_exit
    rtexit2.o(.ARM.exidx) refers to rtexit2.o(.ARM.Collect$$rtexit$$00000001) for .ARM.Collect$$rtexit$$00000001
    rtexit2.o(.ARM.exidx) refers to rtexit2.o(.ARM.Collect$$rtexit$$00000003) for .ARM.Collect$$rtexit$$00000003
    rtexit2.o(.ARM.exidx) refers to rtexit2.o(.ARM.Collect$$rtexit$$00000004) for .ARM.Collect$$rtexit$$00000004
    argv_veneer.o(.emb_text) refers to no_argv.o(.text) for __ARM_get_argv
    sys_exit.o(.text) refers (Special) to use_no_semi.o(.text) for __I$use$semihosting
    sys_exit.o(.text) refers (Special) to indicate_semi.o(.text) for __semihosting_library_function
    _get_argv_nomalloc.o(.text) refers (Special) to hrguard.o(.text) for __heap_region$guard
    _get_argv_nomalloc.o(.text) refers to defsig_rtmem_outer.o(.text) for __rt_SIGRTMEM
    _get_argv_nomalloc.o(.text) refers to sys_command.o(.text) for _sys_command_string
    libshutdown.o(.ARM.Collect$$libshutdown$$00000000) refers (Special) to libshutdown2.o(.ARM.Collect$$libshutdown$$00000004) for __rt_lib_shutdown_cpp_1
    libshutdown.o(.ARM.Collect$$libshutdown$$00000000) refers (Special) to libshutdown2.o(.ARM.Collect$$libshutdown$$00000002) for __rt_lib_shutdown_fini_1
    libshutdown.o(.ARM.Collect$$libshutdown$$00000000) refers (Special) to libshutdown2.o(.ARM.Collect$$libshutdown$$00000009) for __rt_lib_shutdown_fp_trap_1
    libshutdown.o(.ARM.Collect$$libshutdown$$00000000) refers (Special) to libshutdown2.o(.ARM.Collect$$libshutdown$$00000011) for __rt_lib_shutdown_heap_1
    libshutdown.o(.ARM.Collect$$libshutdown$$00000000) refers (Special) to libshutdown2.o(.ARM.Collect$$libshutdown$$00000012) for __rt_lib_shutdown_return
    libshutdown.o(.ARM.Collect$$libshutdown$$00000000) refers (Special) to libshutdown2.o(.ARM.Collect$$libshutdown$$0000000C) for __rt_lib_shutdown_signal_1
    libshutdown.o(.ARM.Collect$$libshutdown$$00000000) refers (Special) to libshutdown2.o(.ARM.Collect$$libshutdown$$00000006) for __rt_lib_shutdown_stdio_1
    libshutdown.o(.ARM.Collect$$libshutdown$$00000000) refers (Special) to libshutdown2.o(.ARM.Collect$$libshutdown$$0000000E) for __rt_lib_shutdown_user_alloc_1
    sys_command.o(.text) refers (Special) to use_no_semi.o(.text) for __I$use$semihosting
    sys_command.o(.text) refers (Special) to indicate_semi.o(.text) for __semihosting_library_function
    defsig_rtmem_outer.o(.text) refers to defsig_rtmem_inner.o(.text) for __rt_SIGRTMEM_inner
    defsig_rtmem_outer.o(.text) refers to defsig_exit.o(.text) for __sig_exit
    defsig_rtmem_formal.o(.text) refers to rt_raise.o(.text) for __rt_raise
    rt_raise.o(.text) refers to __raise.o(.text) for __raise
    rt_raise.o(.text) refers to sys_exit.o(.text) for _sys_exit
    defsig_exit.o(.text) refers to sys_exit.o(.text) for _sys_exit
    defsig_rtmem_inner.o(.text) refers to defsig_general.o(.text) for __default_signal_display
    __raise.o(.text) refers to defsig.o(CL$$defsig) for __default_signal_handler
    defsig_general.o(.text) refers to sys_wrch.o(.text) for _ttywrch
    sys_wrch.o(.text) refers (Special) to use_no_semi.o(.text) for __I$use$semihosting
    sys_wrch.o(.text) refers (Special) to indicate_semi.o(.text) for __semihosting_library_function
    defsig.o(CL$$defsig) refers to defsig_rtmem_inner.o(.text) for __rt_SIGRTMEM_inner
    defsig_abrt_inner.o(.text) refers to defsig_general.o(.text) for __default_signal_display
    defsig_fpe_inner.o(.text) refers to defsig_general.o(.text) for __default_signal_display
    defsig_rtred_inner.o(.text) refers to defsig_general.o(.text) for __default_signal_display
    defsig_stak_inner.o(.text) refers to defsig_general.o(.text) for __default_signal_display
    defsig_pvfn_inner.o(.text) refers to defsig_general.o(.text) for __default_signal_display
    defsig_cppl_inner.o(.text) refers to defsig_general.o(.text) for __default_signal_display
    defsig_segv_inner.o(.text) refers to defsig_general.o(.text) for __default_signal_display
    defsig_other.o(.text) refers to defsig_general.o(.text) for __default_signal_display


==============================================================================

Removing Unused input sections from the image.

    Removing main.o(i.BlinkLED), (24 bytes).
    Removing gpio.o(i.PortA_Output), (32 bytes).
    Removing gpio.o(i.PortN_Output), (28 bytes).
    Removing gpio.o(i.PortP_Output), (32 bytes).
    Removing gpio.o(i.PortQ_Output), (32 bytes).

5 unused section(s) (total 148 bytes) removed from the image.

==============================================================================

Image Symbol Table

    Local Symbols

    Symbol Name                              Value     Ov Type        Size  Object(Section)

    RESET                                    0x00000000   Section      560  startup.o(RESET)
    ../clib/angel/boardlib.s                 0x00000000   Number         0  boardinit3.o ABSOLUTE
    ../clib/angel/boardlib.s                 0x00000000   Number         0  boardshut.o ABSOLUTE
    ../clib/angel/boardlib.s                 0x00000000   Number         0  boardinit1.o ABSOLUTE
    ../clib/angel/boardlib.s                 0x00000000   Number         0  boardinit2.o ABSOLUTE
    ../clib/angel/handlers.s                 0x00000000   Number         0  __scatter_zi.o ABSOLUTE
    ../clib/angel/handlers.s                 0x00000000   Number         0  __scatter_copy.o ABSOLUTE
    ../clib/angel/kernel.s                   0x00000000   Number         0  __rtentry4.o ABSOLUTE
    ../clib/angel/kernel.s                   0x00000000   Number         0  rtexit2.o ABSOLUTE
    ../clib/angel/kernel.s                   0x00000000   Number         0  __rtentry.o ABSOLUTE
    ../clib/angel/kernel.s                   0x00000000   Number         0  rtexit.o ABSOLUTE
    ../clib/angel/kernel.s                   0x00000000   Number         0  __rtentry2.o ABSOLUTE
    ../clib/angel/rt.s                       0x00000000   Number         0  rt_raise.o ABSOLUTE
    ../clib/angel/scatter.s                  0x00000000   Number         0  __scatter.o ABSOLUTE
    ../clib/angel/startup.s                  0x00000000   Number         0  __main.o ABSOLUTE
    ../clib/angel/sys.s                      0x00000000   Number         0  libspace.o ABSOLUTE
    ../clib/angel/sys.s                      0x00000000   Number         0  indicate_semi.o ABSOLUTE
    ../clib/angel/sys.s                      0x00000000   Number         0  use_no_semi.o ABSOLUTE
    ../clib/angel/sys.s                      0x00000000   Number         0  sys_stackheap_outer.o ABSOLUTE
    ../clib/angel/sysapp.c                   0x00000000   Number         0  sys_wrch.o ABSOLUTE
    ../clib/angel/sysapp.c                   0x00000000   Number         0  sys_command.o ABSOLUTE
    ../clib/angel/sysapp.c                   0x00000000   Number         0  sys_exit.o ABSOLUTE
    ../clib/armsys.c                         0x00000000   Number         0  argv_veneer.o ABSOLUTE
    ../clib/armsys.c                         0x00000000   Number         0  argv_veneer.o ABSOLUTE
    ../clib/armsys.c                         0x00000000   Number         0  _get_argv_nomalloc.o ABSOLUTE
    ../clib/armsys.c                         0x00000000   Number         0  no_argv.o ABSOLUTE
    ../clib/heapalloc.c                      0x00000000   Number         0  hrguard.o ABSOLUTE
    ../clib/heapaux.c                        0x00000000   Number         0  heapauxi.o ABSOLUTE
    ../clib/libinit.s                        0x00000000   Number         0  libshutdown2.o ABSOLUTE
    ../clib/libinit.s                        0x00000000   Number         0  libinit.o ABSOLUTE
    ../clib/libinit.s                        0x00000000   Number         0  libshutdown.o ABSOLUTE
    ../clib/libinit.s                        0x00000000   Number         0  libinit2.o ABSOLUTE
    ../clib/signal.c                         0x00000000   Number         0  defsig_rtmem_inner.o ABSOLUTE
    ../clib/signal.c                         0x00000000   Number         0  defsig_stak_inner.o ABSOLUTE
    ../clib/signal.c                         0x00000000   Number         0  defsig_rtred_inner.o ABSOLUTE
    ../clib/signal.c                         0x00000000   Number         0  defsig_fpe_inner.o ABSOLUTE
    ../clib/signal.c                         0x00000000   Number         0  defsig_abrt_inner.o ABSOLUTE
    ../clib/signal.c                         0x00000000   Number         0  defsig_general.o ABSOLUTE
    ../clib/signal.c                         0x00000000   Number         0  __raise.o ABSOLUTE
    ../clib/signal.c                         0x00000000   Number         0  defsig_exit.o ABSOLUTE
    ../clib/signal.c                         0x00000000   Number         0  defsig_rtmem_formal.o ABSOLUTE
    ../clib/signal.c                         0x00000000   Number         0  defsig_pvfn_inner.o ABSOLUTE
    ../clib/signal.c                         0x00000000   Number         0  defsig_cppl_inner.o ABSOLUTE
    ../clib/signal.c                         0x00000000   Number         0  defsig_segv_inner.o ABSOLUTE
    ../clib/signal.c                         0x00000000   Number         0  defsig_other.o ABSOLUTE
    ../clib/signal.c                         0x00000000   Number         0  defsig_rtmem_outer.o ABSOLUTE
    ../clib/signal.s                         0x00000000   Number         0  defsig.o ABSOLUTE
    ../clib/stdlib.c                         0x00000000   Number         0  exit.o ABSOLUTE
    ../fplib/daddsub.s                       0x00000000   Number         0  daddsub_clz.o ABSOLUTE
    ../fplib/dcmpi.s                         0x00000000   Number         0  dcmpi.o ABSOLUTE
    ../fplib/ddiv.s                          0x00000000   Number         0  ddiv.o ABSOLUTE
    ../fplib/dfixu.s                         0x00000000   Number         0  dfixu.o ABSOLUTE
    ../fplib/dflt.s                          0x00000000   Number         0  dflt_clz.o ABSOLUTE
    ../fplib/dleqf.s                         0x00000000   Number         0  dleqf.o ABSOLUTE
    ../fplib/dnaninf.s                       0x00000000   Number         0  dnaninf.o ABSOLUTE
    ../fplib/dretinf.s                       0x00000000   Number         0  dretinf.o ABSOLUTE
    ../fplib/drleqf.s                        0x00000000   Number         0  drleqf.o ABSOLUTE
    ../fplib/fpinit.s                        0x00000000   Number         0  fpinit.o ABSOLUTE
    ../fplib/usenofp.s                       0x00000000   Number         0  usenofp.o ABSOLUTE
    ../mathlib/ceil.c                        0x00000000   Number         0  ceil.o ABSOLUTE
    dc.s                                     0x00000000   Number         0  dc.o ABSOLUTE
    gpio.c                                   0x00000000   Number         0  gpio.o ABSOLUTE
    lcd.c                                    0x00000000   Number         0  lcd.o ABSOLUTE
    main.c                                   0x00000000   Number         0  main.o ABSOLUTE
    matriz_keyboard.c                        0x00000000   Number         0  matriz_keyboard.o ABSOLUTE
    startup.s                                0x00000000   Number         0  startup.o ABSOLUTE
    stepper_motor.c                          0x00000000   Number         0  stepper_motor.o ABSOLUTE
    utils.s                                  0x00000000   Number         0  utils.o ABSOLUTE
    $v0                                      0x00000208   Number         0  startup.o(RESET)
    !!!main                                  0x00000230   Section        8  __main.o(!!!main)
    !!!scatter                               0x00000238   Section       52  __scatter.o(!!!scatter)
    !!handler_copy                           0x0000026c   Section       26  __scatter_copy.o(!!handler_copy)
    !!handler_zi                             0x00000288   Section       28  __scatter_zi.o(!!handler_zi)
    .ARM.Collect$$libinit$$00000000          0x000002a4   Section        2  libinit.o(.ARM.Collect$$libinit$$00000000)
    .ARM.Collect$$libinit$$00000001          0x000002a6   Section        4  libinit2.o(.ARM.Collect$$libinit$$00000001)
    .ARM.Collect$$libinit$$00000004          0x000002aa   Section        0  libinit2.o(.ARM.Collect$$libinit$$00000004)
    .ARM.Collect$$libinit$$0000000A          0x000002aa   Section        0  libinit2.o(.ARM.Collect$$libinit$$0000000A)
    .ARM.Collect$$libinit$$0000000C          0x000002aa   Section        0  libinit2.o(.ARM.Collect$$libinit$$0000000C)
    .ARM.Collect$$libinit$$0000000E          0x000002aa   Section        0  libinit2.o(.ARM.Collect$$libinit$$0000000E)
    .ARM.Collect$$libinit$$00000011          0x000002aa   Section        0  libinit2.o(.ARM.Collect$$libinit$$00000011)
    .ARM.Collect$$libinit$$00000013          0x000002aa   Section        0  libinit2.o(.ARM.Collect$$libinit$$00000013)
    .ARM.Collect$$libinit$$00000015          0x000002aa   Section        0  libinit2.o(.ARM.Collect$$libinit$$00000015)
    .ARM.Collect$$libinit$$00000017          0x000002aa   Section        0  libinit2.o(.ARM.Collect$$libinit$$00000017)
    .ARM.Collect$$libinit$$00000019          0x000002aa   Section        0  libinit2.o(.ARM.Collect$$libinit$$00000019)
    .ARM.Collect$$libinit$$0000001B          0x000002aa   Section        0  libinit2.o(.ARM.Collect$$libinit$$0000001B)
    .ARM.Collect$$libinit$$0000001D          0x000002aa   Section        0  libinit2.o(.ARM.Collect$$libinit$$0000001D)
    .ARM.Collect$$libinit$$0000001F          0x000002aa   Section        0  libinit2.o(.ARM.Collect$$libinit$$0000001F)
    .ARM.Collect$$libinit$$00000021          0x000002aa   Section        0  libinit2.o(.ARM.Collect$$libinit$$00000021)
    .ARM.Collect$$libinit$$00000023          0x000002aa   Section        0  libinit2.o(.ARM.Collect$$libinit$$00000023)
    .ARM.Collect$$libinit$$00000025          0x000002aa   Section        0  libinit2.o(.ARM.Collect$$libinit$$00000025)
    .ARM.Collect$$libinit$$0000002C          0x000002aa   Section        0  libinit2.o(.ARM.Collect$$libinit$$0000002C)
    .ARM.Collect$$libinit$$0000002E          0x000002aa   Section        0  libinit2.o(.ARM.Collect$$libinit$$0000002E)
    .ARM.Collect$$libinit$$00000030          0x000002aa   Section        0  libinit2.o(.ARM.Collect$$libinit$$00000030)
    .ARM.Collect$$libinit$$00000032          0x000002aa   Section        0  libinit2.o(.ARM.Collect$$libinit$$00000032)
    .ARM.Collect$$libinit$$00000033          0x000002aa   Section        2  libinit2.o(.ARM.Collect$$libinit$$00000033)
    .ARM.Collect$$libshutdown$$00000000      0x000002ac   Section        2  libshutdown.o(.ARM.Collect$$libshutdown$$00000000)
    .ARM.Collect$$libshutdown$$00000002      0x000002ae   Section        0  libshutdown2.o(.ARM.Collect$$libshutdown$$00000002)
    .ARM.Collect$$libshutdown$$00000004      0x000002ae   Section        0  libshutdown2.o(.ARM.Collect$$libshutdown$$00000004)
    .ARM.Collect$$libshutdown$$00000006      0x000002ae   Section        0  libshutdown2.o(.ARM.Collect$$libshutdown$$00000006)
    .ARM.Collect$$libshutdown$$00000009      0x000002ae   Section        0  libshutdown2.o(.ARM.Collect$$libshutdown$$00000009)
    .ARM.Collect$$libshutdown$$0000000C      0x000002ae   Section        0  libshutdown2.o(.ARM.Collect$$libshutdown$$0000000C)
    .ARM.Collect$$libshutdown$$0000000E      0x000002ae   Section        0  libshutdown2.o(.ARM.Collect$$libshutdown$$0000000E)
    .ARM.Collect$$libshutdown$$00000011      0x000002ae   Section        0  libshutdown2.o(.ARM.Collect$$libshutdown$$00000011)
    .ARM.Collect$$libshutdown$$00000012      0x000002ae   Section        2  libshutdown2.o(.ARM.Collect$$libshutdown$$00000012)
    .ARM.Collect$$rtentry$$00000000          0x000002b0   Section        0  __rtentry.o(.ARM.Collect$$rtentry$$00000000)
    .ARM.Collect$$rtentry$$00000002          0x000002b0   Section        0  __rtentry2.o(.ARM.Collect$$rtentry$$00000002)
    .ARM.Collect$$rtentry$$00000004          0x000002b0   Section        6  __rtentry4.o(.ARM.Collect$$rtentry$$00000004)
    .ARM.Collect$$rtentry$$00000009          0x000002b6   Section        0  __rtentry2.o(.ARM.Collect$$rtentry$$00000009)
    .ARM.Collect$$rtentry$$0000000A          0x000002b6   Section        4  __rtentry2.o(.ARM.Collect$$rtentry$$0000000A)
    .ARM.Collect$$rtentry$$0000000C          0x000002ba   Section        0  __rtentry2.o(.ARM.Collect$$rtentry$$0000000C)
    .ARM.Collect$$rtentry$$0000000D          0x000002ba   Section        8  __rtentry2.o(.ARM.Collect$$rtentry$$0000000D)
    .ARM.Collect$$rtexit$$00000000           0x000002c2   Section        2  rtexit.o(.ARM.Collect$$rtexit$$00000000)
    .ARM.Collect$$rtexit$$00000002           0x000002c4   Section        0  rtexit2.o(.ARM.Collect$$rtexit$$00000002)
    .ARM.Collect$$rtexit$$00000003           0x000002c4   Section        4  rtexit2.o(.ARM.Collect$$rtexit$$00000003)
    .ARM.Collect$$rtexit$$00000004           0x000002c8   Section        6  rtexit2.o(.ARM.Collect$$rtexit$$00000004)
    .text                                    0x000002d0   Section       48  startup.o(.text)
    $v0                                      0x000002d0   Number         0  startup.o(.text)
    .text                                    0x00000300   Section      484  utils.o(.text)
    $v0                                      0x00000300   Number         0  utils.o(.text)
    .text                                    0x000004e4   Section        0  heapauxi.o(.text)
    .text                                    0x000004ea   Section       74  sys_stackheap_outer.o(.text)
    .text                                    0x00000534   Section        0  exit.o(.text)
    .text                                    0x00000548   Section        8  libspace.o(.text)
    .text                                    0x00000550   Section        0  sys_exit.o(.text)
    .text                                    0x0000055c   Section        2  use_no_semi.o(.text)
    .text                                    0x0000055e   Section        0  indicate_semi.o(.text)
    i.Control_Stepper_Motor                  0x00000560   Section        0  stepper_motor.o(i.Control_Stepper_Motor)
    i.DIGIT_0                                0x0000066c   Section        0  matriz_keyboard.o(i.DIGIT_0)
    i.DIGIT_1                                0x0000067c   Section        0  matriz_keyboard.o(i.DIGIT_1)
    i.DIGIT_2                                0x0000069c   Section        0  matriz_keyboard.o(i.DIGIT_2)
    i.DIGIT_3                                0x000006bc   Section        0  matriz_keyboard.o(i.DIGIT_3)
    i.DIGIT_4                                0x000006dc   Section        0  matriz_keyboard.o(i.DIGIT_4)
    i.DIGIT_5                                0x000006fc   Section        0  matriz_keyboard.o(i.DIGIT_5)
    i.DIGIT_6                                0x0000071c   Section        0  matriz_keyboard.o(i.DIGIT_6)
    i.DIGIT_7                                0x0000073c   Section        0  matriz_keyboard.o(i.DIGIT_7)
    i.DIGIT_8                                0x0000075c   Section        0  matriz_keyboard.o(i.DIGIT_8)
    i.DIGIT_9                                0x0000077c   Section        0  matriz_keyboard.o(i.DIGIT_9)
    i.DIGIT_A                                0x0000079c   Section        0  matriz_keyboard.o(i.DIGIT_A)
    i.DIGIT_AST                              0x000007bc   Section        0  matriz_keyboard.o(i.DIGIT_AST)
    i.DIGIT_B                                0x000007c4   Section        0  matriz_keyboard.o(i.DIGIT_B)
    i.DIGIT_C                                0x000007e4   Section        0  matriz_keyboard.o(i.DIGIT_C)
    i.Debouncing                             0x00000804   Section        0  matriz_keyboard.o(i.Debouncing)
    i.GPIOPortJ_Handler                      0x00000810   Section        0  gpio.o(i.GPIOPortJ_Handler)
    i.GPIO_Init                              0x00000858   Section        0  gpio.o(i.GPIO_Init)
    i.LCD_Data                               0x00000ab0   Section        0  lcd.o(i.LCD_Data)
    i.LCD_Init                               0x00000ace   Section        0  lcd.o(i.LCD_Init)
    i.LCD_Instruction                        0x00000aea   Section        0  lcd.o(i.LCD_Instruction)
    i.LCD_Line2                              0x00000b08   Section        0  lcd.o(i.LCD_Line2)
    i.LCD_PrintString                        0x00000b18   Section        0  lcd.o(i.LCD_PrintString)
    i.LCD_Reset                              0x00000b2e   Section        0  lcd.o(i.LCD_Reset)
    i.MapMatrixKeyboard                      0x00000b3e   Section        0  matriz_keyboard.o(i.MapMatrixKeyboard)
    i.PortH_Output                           0x00000c2c   Section        0  gpio.o(i.PortH_Output)
    i.PortJ_Input                            0x00000c44   Section        0  gpio.o(i.PortJ_Input)
    i.PortK_Output                           0x00000c50   Section        0  gpio.o(i.PortK_Output)
    i.PortL_Input                            0x00000c70   Section        0  gpio.o(i.PortL_Input)
    i.PortM_Output                           0x00000c7c   Section        0  gpio.o(i.PortM_Output)
    i.Stepper_Motor_Init                     0x00000c9c   Section        0  stepper_motor.o(i.Stepper_Motor_Init)
    i.Timer2A_Handler                        0x00000ca8   Section        0  gpio.o(i.Timer2A_Handler)
    i.__hardfp_ceil                          0x00000cd0   Section        0  ceil.o(i.__hardfp_ceil)
    i.calculate_steps                        0x00000de8   Section        0  stepper_motor.o(i.calculate_steps)
    i.main                                   0x00000e8c   Section        0  main.o(i.main)
    i.print_numero                           0x00000f00   Section        0  lcd.o(i.print_numero)
    i.print_status                           0x00000f58   Section        0  lcd.o(i.print_status)
    i.process_digit                          0x00000fe4   Section        0  matriz_keyboard.o(i.process_digit)
    i.update_degrees                         0x00000ff8   Section        0  matriz_keyboard.o(i.update_degrees)
    i.zerar_memoria                          0x0000104c   Section        0  matriz_keyboard.o(i.zerar_memoria)
    x$fpl$dadd                               0x00001060   Section      336  daddsub_clz.o(x$fpl$dadd)
    $v0                                      0x00001060   Number         0  daddsub_clz.o(x$fpl$dadd)
    _dadd1                                   0x00001071   Thumb Code     0  daddsub_clz.o(x$fpl$dadd)
    x$fpl$dcmpinf                            0x000011b0   Section       24  dcmpi.o(x$fpl$dcmpinf)
    $v0                                      0x000011b0   Number         0  dcmpi.o(x$fpl$dcmpinf)
    x$fpl$ddiv                               0x000011c8   Section      688  ddiv.o(x$fpl$ddiv)
    $v0                                      0x000011c8   Number         0  ddiv.o(x$fpl$ddiv)
    ddiv_entry                               0x000011cf   Thumb Code     0  ddiv.o(x$fpl$ddiv)
    x$fpl$dfixu                              0x00001478   Section       90  dfixu.o(x$fpl$dfixu)
    $v0                                      0x00001478   Number         0  dfixu.o(x$fpl$dfixu)
    x$fpl$dfltu                              0x000014d2   Section       38  dflt_clz.o(x$fpl$dfltu)
    $v0                                      0x000014d2   Number         0  dflt_clz.o(x$fpl$dfltu)
    x$fpl$dleqf                              0x000014f8   Section      120  dleqf.o(x$fpl$dleqf)
    $v0                                      0x000014f8   Number         0  dleqf.o(x$fpl$dleqf)
    x$fpl$dnaninf                            0x00001570   Section      156  dnaninf.o(x$fpl$dnaninf)
    $v0                                      0x00001570   Number         0  dnaninf.o(x$fpl$dnaninf)
    x$fpl$dretinf                            0x0000160c   Section       12  dretinf.o(x$fpl$dretinf)
    $v0                                      0x0000160c   Number         0  dretinf.o(x$fpl$dretinf)
    x$fpl$drleqf                             0x00001618   Section      108  drleqf.o(x$fpl$drleqf)
    $v0                                      0x00001618   Number         0  drleqf.o(x$fpl$drleqf)
    x$fpl$drsb                               0x00001684   Section       22  daddsub_clz.o(x$fpl$drsb)
    $v0                                      0x00001684   Number         0  daddsub_clz.o(x$fpl$drsb)
    x$fpl$dsub                               0x0000169c   Section      468  daddsub_clz.o(x$fpl$dsub)
    $v0                                      0x0000169c   Number         0  daddsub_clz.o(x$fpl$dsub)
    _dsub1                                   0x000016ad   Thumb Code     0  daddsub_clz.o(x$fpl$dsub)
    x$fpl$fpinit                             0x00001870   Section       10  fpinit.o(x$fpl$fpinit)
    $v0                                      0x00001870   Number         0  fpinit.o(x$fpl$fpinit)
    .constdata                               0x0000187a   Section       51  main.o(.constdata)
    x$fpl$usenofp                            0x0000187a   Section        0  usenofp.o(x$fpl$usenofp)
    .data                                    0x20000000   Section       20  main.o(.data)
    .data                                    0x20000014   Section        4  gpio.o(.data)
    .data                                    0x20000018   Section       16  matriz_keyboard.o(.data)
    .data                                    0x20000028   Section       72  stepper_motor.o(.data)
    .bss                                     0x20000070   Section       96  libspace.o(.bss)
    HEAP                                     0x200000d0   Section        0  startup.o(HEAP)
    STACK                                    0x200000d0   Section     1024  startup.o(STACK)
    HeapMem                                  0x200000d0   Data           0  startup.o(HEAP)
    StackMem                                 0x200000d0   Data           0  startup.o(STACK)

    Global Symbols

    Symbol Name                              Value     Ov Type        Size  Object(Section)

    BuildAttributes$$THM_ISAv4$E$P$D$K$B$S$7EM$VFPi3$EXTD16$VFPS$VFMA$PE$A:L22UL41UL21$X:L11$S22US41US21$IEEE1$IW$USESV6$~STKCKD$USESV7$~SHL$OTIME$ROPI$IEEEJ$EBA8$UX$STANDARDLIB$REQ8$PRES8$EABIv2 0x00000000   Number         0  anon$$obj.o ABSOLUTE
    __ARM_use_no_argv                        0x00000000   Number         0  main.o ABSOLUTE
    __Vectors                                0x00000000   Data           0  startup.o(RESET)
    __ARM_exceptions_init                     - Undefined Weak Reference
    __alloca_initialize                       - Undefined Weak Reference
    __arm_fini_                               - Undefined Weak Reference
    __arm_preinit_                            - Undefined Weak Reference
    __cpp_initialize__aeabi_                  - Undefined Weak Reference
    __cxa_finalize                            - Undefined Weak Reference
    __rt_locale                               - Undefined Weak Reference
    __sigvec_lookup                           - Undefined Weak Reference
    _atexit_init                              - Undefined Weak Reference
    _call_atexit_fns                          - Undefined Weak Reference
    _clock_init                               - Undefined Weak Reference
    _fp_trap_init                             - Undefined Weak Reference
    _fp_trap_shutdown                         - Undefined Weak Reference
    _get_lc_collate                           - Undefined Weak Reference
    _get_lc_ctype                             - Undefined Weak Reference
    _get_lc_monetary                          - Undefined Weak Reference
    _get_lc_numeric                           - Undefined Weak Reference
    _get_lc_time                              - Undefined Weak Reference
    _getenv_init                              - Undefined Weak Reference
    _handle_redirection                       - Undefined Weak Reference
    _init_alloc                               - Undefined Weak Reference
    _init_user_alloc                          - Undefined Weak Reference
    _initio                                   - Undefined Weak Reference
    _rand_init                                - Undefined Weak Reference
    _signal_finish                            - Undefined Weak Reference
    _signal_init                              - Undefined Weak Reference
    _terminate_alloc                          - Undefined Weak Reference
    _terminate_user_alloc                     - Undefined Weak Reference
    _terminateio                              - Undefined Weak Reference
    Reset_Handler                            0x00000209   Thumb Code     0  startup.o(RESET)
    NMI_Handler                              0x0000021d   Thumb Code     2  startup.o(RESET)
    HardFault_Handler                        0x0000021f   Thumb Code     2  startup.o(RESET)
    MemManage_Handler                        0x00000221   Thumb Code     2  startup.o(RESET)
    BusFault_Handler                         0x00000223   Thumb Code     2  startup.o(RESET)
    UsageFault_Handler                       0x00000225   Thumb Code     2  startup.o(RESET)
    SVC_Handler                              0x00000227   Thumb Code     2  startup.o(RESET)
    DebugMon_Handler                         0x00000229   Thumb Code     2  startup.o(RESET)
    PendSV_Handler                           0x0000022b   Thumb Code     2  startup.o(RESET)
    SysTick_Handler                          0x0000022d   Thumb Code     2  startup.o(RESET)
    ADC0Seq0_Handler                         0x0000022f   Thumb Code     0  startup.o(RESET)
    ADC0Seq1_Handler                         0x0000022f   Thumb Code     0  startup.o(RESET)
    ADC0Seq2_Handler                         0x0000022f   Thumb Code     0  startup.o(RESET)
    ADC0Seq3_Handler                         0x0000022f   Thumb Code     0  startup.o(RESET)
    ADC1Seq0_Handler                         0x0000022f   Thumb Code     0  startup.o(RESET)
    ADC1Seq1_Handler                         0x0000022f   Thumb Code     0  startup.o(RESET)
    ADC1Seq2_Handler                         0x0000022f   Thumb Code     0  startup.o(RESET)
    ADC1Seq3_Handler                         0x0000022f   Thumb Code     0  startup.o(RESET)
    CAN0_Handler                             0x0000022f   Thumb Code     0  startup.o(RESET)
    CAN1_Handler                             0x0000022f   Thumb Code     0  startup.o(RESET)
    Comp0_Handler                            0x0000022f   Thumb Code     0  startup.o(RESET)
    Comp1_Handler                            0x0000022f   Thumb Code     0  startup.o(RESET)
    Comp2_Handler                            0x0000022f   Thumb Code     0  startup.o(RESET)
    Ethernet_Handler                         0x0000022f   Thumb Code     0  startup.o(RESET)
    ExtBus_Handler                           0x0000022f   Thumb Code     0  startup.o(RESET)
    FPU_Handler                              0x0000022f   Thumb Code     0  startup.o(RESET)
    FlashCtl_Handler                         0x0000022f   Thumb Code     0  startup.o(RESET)
    GPIOPortA_Handler                        0x0000022f   Thumb Code     0  startup.o(RESET)
    GPIOPortB_Handler                        0x0000022f   Thumb Code     0  startup.o(RESET)
    GPIOPortC_Handler                        0x0000022f   Thumb Code     0  startup.o(RESET)
    GPIOPortD_Handler                        0x0000022f   Thumb Code     0  startup.o(RESET)
    GPIOPortE_Handler                        0x0000022f   Thumb Code     0  startup.o(RESET)
    GPIOPortF_Handler                        0x0000022f   Thumb Code     0  startup.o(RESET)
    GPIOPortG_Handler                        0x0000022f   Thumb Code     0  startup.o(RESET)
    GPIOPortH_Handler                        0x0000022f   Thumb Code     0  startup.o(RESET)
    GPIOPortK_Handler                        0x0000022f   Thumb Code     0  startup.o(RESET)
    GPIOPortL_Handler                        0x0000022f   Thumb Code     0  startup.o(RESET)
    GPIOPortM_Handler                        0x0000022f   Thumb Code     0  startup.o(RESET)
    GPIOPortN_Handler                        0x0000022f   Thumb Code     0  startup.o(RESET)
    GPIOPortP1_Handler                       0x0000022f   Thumb Code     0  startup.o(RESET)
    GPIOPortP2_Handler                       0x0000022f   Thumb Code     0  startup.o(RESET)
    GPIOPortP3_Handler                       0x0000022f   Thumb Code     0  startup.o(RESET)
    GPIOPortP4_Handler                       0x0000022f   Thumb Code     0  startup.o(RESET)
    GPIOPortP5_Handler                       0x0000022f   Thumb Code     0  startup.o(RESET)
    GPIOPortP6_Handler                       0x0000022f   Thumb Code     0  startup.o(RESET)
    GPIOPortP7_Handler                       0x0000022f   Thumb Code     0  startup.o(RESET)
    GPIOPortP_Handler                        0x0000022f   Thumb Code     0  startup.o(RESET)
    GPIOPortQ1_Handler                       0x0000022f   Thumb Code     0  startup.o(RESET)
    GPIOPortQ2_Handler                       0x0000022f   Thumb Code     0  startup.o(RESET)
    GPIOPortQ3_Handler                       0x0000022f   Thumb Code     0  startup.o(RESET)
    GPIOPortQ4_Handler                       0x0000022f   Thumb Code     0  startup.o(RESET)
    GPIOPortQ5_Handler                       0x0000022f   Thumb Code     0  startup.o(RESET)
    GPIOPortQ6_Handler                       0x0000022f   Thumb Code     0  startup.o(RESET)
    GPIOPortQ7_Handler                       0x0000022f   Thumb Code     0  startup.o(RESET)
    GPIOPortQ_Handler                        0x0000022f   Thumb Code     0  startup.o(RESET)
    Hibernate_Handler                        0x0000022f   Thumb Code     0  startup.o(RESET)
    I2C0_Handler                             0x0000022f   Thumb Code     0  startup.o(RESET)
    I2C1_Handler                             0x0000022f   Thumb Code     0  startup.o(RESET)
    I2C2_Handler                             0x0000022f   Thumb Code     0  startup.o(RESET)
    I2C3_Handler                             0x0000022f   Thumb Code     0  startup.o(RESET)
    I2C4_Handler                             0x0000022f   Thumb Code     0  startup.o(RESET)
    I2C5_Handler                             0x0000022f   Thumb Code     0  startup.o(RESET)
    I2C6_Handler                             0x0000022f   Thumb Code     0  startup.o(RESET)
    I2C7_Handler                             0x0000022f   Thumb Code     0  startup.o(RESET)
    I2C8_Handler                             0x0000022f   Thumb Code     0  startup.o(RESET)
    I2C9_Handler                             0x0000022f   Thumb Code     0  startup.o(RESET)
    PWM0Fault_Handler                        0x0000022f   Thumb Code     0  startup.o(RESET)
    PWM0Generator0_Handler                   0x0000022f   Thumb Code     0  startup.o(RESET)
    PWM0Generator1_Handler                   0x0000022f   Thumb Code     0  startup.o(RESET)
    PWM0Generator2_Handler                   0x0000022f   Thumb Code     0  startup.o(RESET)
    PWM0Generator3_Handler                   0x0000022f   Thumb Code     0  startup.o(RESET)
    Quadrature0_Handler                      0x0000022f   Thumb Code     0  startup.o(RESET)
    SSI0_Handler                             0x0000022f   Thumb Code     0  startup.o(RESET)
    SSI1_Handler                             0x0000022f   Thumb Code     0  startup.o(RESET)
    SSI2_Handler                             0x0000022f   Thumb Code     0  startup.o(RESET)
    SSI3_Handler                             0x0000022f   Thumb Code     0  startup.o(RESET)
    SysCtl_Handler                           0x0000022f   Thumb Code     0  startup.o(RESET)
    Tamper_Handler                           0x0000022f   Thumb Code     0  startup.o(RESET)
    Timer0A_Handler                          0x0000022f   Thumb Code     0  startup.o(RESET)
    Timer0B_Handler                          0x0000022f   Thumb Code     0  startup.o(RESET)
    Timer1A_Handler                          0x0000022f   Thumb Code     0  startup.o(RESET)
    Timer1B_Handler                          0x0000022f   Thumb Code     0  startup.o(RESET)
    Timer2B_Handler                          0x0000022f   Thumb Code     0  startup.o(RESET)
    Timer3A_Handler                          0x0000022f   Thumb Code     0  startup.o(RESET)
    Timer3B_Handler                          0x0000022f   Thumb Code     0  startup.o(RESET)
    Timer4A_Handler                          0x0000022f   Thumb Code     0  startup.o(RESET)
    Timer4B_Handler                          0x0000022f   Thumb Code     0  startup.o(RESET)
    Timer5A_Handler                          0x0000022f   Thumb Code     0  startup.o(RESET)
    Timer5B_Handler                          0x0000022f   Thumb Code     0  startup.o(RESET)
    Timer6A_Handler                          0x0000022f   Thumb Code     0  startup.o(RESET)
    Timer6B_Handler                          0x0000022f   Thumb Code     0  startup.o(RESET)
    Timer7A_Handler                          0x0000022f   Thumb Code     0  startup.o(RESET)
    Timer7B_Handler                          0x0000022f   Thumb Code     0  startup.o(RESET)
    UART0_Handler                            0x0000022f   Thumb Code     0  startup.o(RESET)
    UART1_Handler                            0x0000022f   Thumb Code     0  startup.o(RESET)
    UART2_Handler                            0x0000022f   Thumb Code     0  startup.o(RESET)
    UART3_Handler                            0x0000022f   Thumb Code     0  startup.o(RESET)
    UART4_Handler                            0x0000022f   Thumb Code     0  startup.o(RESET)
    UART5_Handler                            0x0000022f   Thumb Code     0  startup.o(RESET)
    UART6_Handler                            0x0000022f   Thumb Code     0  startup.o(RESET)
    UART7_Handler                            0x0000022f   Thumb Code     0  startup.o(RESET)
    USB0_Handler                             0x0000022f   Thumb Code     0  startup.o(RESET)
    WDT_Handler                              0x0000022f   Thumb Code     0  startup.o(RESET)
    uDMA_Error                               0x0000022f   Thumb Code     0  startup.o(RESET)
    uDMA_Handler                             0x0000022f   Thumb Code     0  startup.o(RESET)
    __main                                   0x00000231   Thumb Code     8  __main.o(!!!main)
    __scatterload                            0x00000239   Thumb Code     0  __scatter.o(!!!scatter)
    __scatterload_rt2                        0x00000239   Thumb Code    44  __scatter.o(!!!scatter)
    __scatterload_rt2_thumb_only             0x00000239   Thumb Code     0  __scatter.o(!!!scatter)
    __scatterload_null                       0x00000247   Thumb Code     0  __scatter.o(!!!scatter)
    __scatterload_copy                       0x0000026d   Thumb Code    26  __scatter_copy.o(!!handler_copy)
    __scatterload_zeroinit                   0x00000289   Thumb Code    28  __scatter_zi.o(!!handler_zi)
    __rt_lib_init                            0x000002a5   Thumb Code     0  libinit.o(.ARM.Collect$$libinit$$00000000)
    __rt_lib_init_fp_1                       0x000002a7   Thumb Code     0  libinit2.o(.ARM.Collect$$libinit$$00000001)
    __rt_lib_init_alloca_1                   0x000002ab   Thumb Code     0  libinit2.o(.ARM.Collect$$libinit$$0000002E)
    __rt_lib_init_argv_1                     0x000002ab   Thumb Code     0  libinit2.o(.ARM.Collect$$libinit$$0000002C)
    __rt_lib_init_atexit_1                   0x000002ab   Thumb Code     0  libinit2.o(.ARM.Collect$$libinit$$0000001B)
    __rt_lib_init_clock_1                    0x000002ab   Thumb Code     0  libinit2.o(.ARM.Collect$$libinit$$00000021)
    __rt_lib_init_cpp_1                      0x000002ab   Thumb Code     0  libinit2.o(.ARM.Collect$$libinit$$00000032)
    __rt_lib_init_exceptions_1               0x000002ab   Thumb Code     0  libinit2.o(.ARM.Collect$$libinit$$00000030)
    __rt_lib_init_fp_trap_1                  0x000002ab   Thumb Code     0  libinit2.o(.ARM.Collect$$libinit$$0000001F)
    __rt_lib_init_getenv_1                   0x000002ab   Thumb Code     0  libinit2.o(.ARM.Collect$$libinit$$00000023)
    __rt_lib_init_heap_1                     0x000002ab   Thumb Code     0  libinit2.o(.ARM.Collect$$libinit$$0000000A)
    __rt_lib_init_lc_collate_1               0x000002ab   Thumb Code     0  libinit2.o(.ARM.Collect$$libinit$$00000011)
    __rt_lib_init_lc_ctype_1                 0x000002ab   Thumb Code     0  libinit2.o(.ARM.Collect$$libinit$$00000013)
    __rt_lib_init_lc_monetary_1              0x000002ab   Thumb Code     0  libinit2.o(.ARM.Collect$$libinit$$00000015)
    __rt_lib_init_lc_numeric_1               0x000002ab   Thumb Code     0  libinit2.o(.ARM.Collect$$libinit$$00000017)
    __rt_lib_init_lc_time_1                  0x000002ab   Thumb Code     0  libinit2.o(.ARM.Collect$$libinit$$00000019)
    __rt_lib_init_preinit_1                  0x000002ab   Thumb Code     0  libinit2.o(.ARM.Collect$$libinit$$00000004)
    __rt_lib_init_rand_1                     0x000002ab   Thumb Code     0  libinit2.o(.ARM.Collect$$libinit$$0000000E)
    __rt_lib_init_return                     0x000002ab   Thumb Code     0  libinit2.o(.ARM.Collect$$libinit$$00000033)
    __rt_lib_init_signal_1                   0x000002ab   Thumb Code     0  libinit2.o(.ARM.Collect$$libinit$$0000001D)
    __rt_lib_init_stdio_1                    0x000002ab   Thumb Code     0  libinit2.o(.ARM.Collect$$libinit$$00000025)
    __rt_lib_init_user_alloc_1               0x000002ab   Thumb Code     0  libinit2.o(.ARM.Collect$$libinit$$0000000C)
    __rt_lib_shutdown                        0x000002ad   Thumb Code     0  libshutdown.o(.ARM.Collect$$libshutdown$$00000000)
    __rt_lib_shutdown_cpp_1                  0x000002af   Thumb Code     0  libshutdown2.o(.ARM.Collect$$libshutdown$$00000004)
    __rt_lib_shutdown_fini_1                 0x000002af   Thumb Code     0  libshutdown2.o(.ARM.Collect$$libshutdown$$00000002)
    __rt_lib_shutdown_fp_trap_1              0x000002af   Thumb Code     0  libshutdown2.o(.ARM.Collect$$libshutdown$$00000009)
    __rt_lib_shutdown_heap_1                 0x000002af   Thumb Code     0  libshutdown2.o(.ARM.Collect$$libshutdown$$00000011)
    __rt_lib_shutdown_return                 0x000002af   Thumb Code     0  libshutdown2.o(.ARM.Collect$$libshutdown$$00000012)
    __rt_lib_shutdown_signal_1               0x000002af   Thumb Code     0  libshutdown2.o(.ARM.Collect$$libshutdown$$0000000C)
    __rt_lib_shutdown_stdio_1                0x000002af   Thumb Code     0  libshutdown2.o(.ARM.Collect$$libshutdown$$00000006)
    __rt_lib_shutdown_user_alloc_1           0x000002af   Thumb Code     0  libshutdown2.o(.ARM.Collect$$libshutdown$$0000000E)
    __rt_entry                               0x000002b1   Thumb Code     0  __rtentry.o(.ARM.Collect$$rtentry$$00000000)
    __rt_entry_presh_1                       0x000002b1   Thumb Code     0  __rtentry2.o(.ARM.Collect$$rtentry$$00000002)
    __rt_entry_sh                            0x000002b1   Thumb Code     0  __rtentry4.o(.ARM.Collect$$rtentry$$00000004)
    __rt_entry_li                            0x000002b7   Thumb Code     0  __rtentry2.o(.ARM.Collect$$rtentry$$0000000A)
    __rt_entry_postsh_1                      0x000002b7   Thumb Code     0  __rtentry2.o(.ARM.Collect$$rtentry$$00000009)
    __rt_entry_main                          0x000002bb   Thumb Code     0  __rtentry2.o(.ARM.Collect$$rtentry$$0000000D)
    __rt_entry_postli_1                      0x000002bb   Thumb Code     0  __rtentry2.o(.ARM.Collect$$rtentry$$0000000C)
    __rt_exit                                0x000002c3   Thumb Code     0  rtexit.o(.ARM.Collect$$rtexit$$00000000)
    __rt_exit_ls                             0x000002c5   Thumb Code     0  rtexit2.o(.ARM.Collect$$rtexit$$00000003)
    __rt_exit_prels_1                        0x000002c5   Thumb Code     0  rtexit2.o(.ARM.Collect$$rtexit$$00000002)
    __rt_exit_exit                           0x000002c9   Thumb Code     0  rtexit2.o(.ARM.Collect$$rtexit$$00000004)
    DisableInterrupts                        0x000002d1   Thumb Code     0  startup.o(.text)
    EnableInterrupts                         0x000002d5   Thumb Code     0  startup.o(.text)
    StartCritical                            0x000002d9   Thumb Code     0  startup.o(.text)
    EndCritical                              0x000002e1   Thumb Code     0  startup.o(.text)
    WaitForInterrupt                         0x000002e7   Thumb Code     0  startup.o(.text)
    __user_initial_stackheap                 0x000002eb   Thumb Code     0  startup.o(.text)
    PLL_Init                                 0x00000301   Thumb Code     0  utils.o(.text)
    SysTick_Init                             0x00000429   Thumb Code     0  utils.o(.text)
    SysTick_Wait1ms                          0x00000463   Thumb Code     0  utils.o(.text)
    __use_two_region_memory                  0x000004e5   Thumb Code     2  heapauxi.o(.text)
    __rt_heap_escrow$2region                 0x000004e7   Thumb Code     2  heapauxi.o(.text)
    __rt_heap_expand$2region                 0x000004e9   Thumb Code     2  heapauxi.o(.text)
    __user_setup_stackheap                   0x000004eb   Thumb Code    74  sys_stackheap_outer.o(.text)
    exit                                     0x00000535   Thumb Code    18  exit.o(.text)
    __user_libspace                          0x00000549   Thumb Code     8  libspace.o(.text)
    __user_perproc_libspace                  0x00000549   Thumb Code     0  libspace.o(.text)
    __user_perthread_libspace                0x00000549   Thumb Code     0  libspace.o(.text)
    _sys_exit                                0x00000551   Thumb Code     8  sys_exit.o(.text)
    __I$use$semihosting                      0x0000055d   Thumb Code     0  use_no_semi.o(.text)
    __use_no_semihosting_swi                 0x0000055d   Thumb Code     2  use_no_semi.o(.text)
    __semihosting_library_function           0x0000055f   Thumb Code     0  indicate_semi.o(.text)
    Control_Stepper_Motor                    0x00000561   Thumb Code   246  stepper_motor.o(i.Control_Stepper_Motor)
    DIGIT_0                                  0x0000066d   Thumb Code    14  matriz_keyboard.o(i.DIGIT_0)
    DIGIT_1                                  0x0000067d   Thumb Code    26  matriz_keyboard.o(i.DIGIT_1)
    DIGIT_2                                  0x0000069d   Thumb Code    26  matriz_keyboard.o(i.DIGIT_2)
    DIGIT_3                                  0x000006bd   Thumb Code    26  matriz_keyboard.o(i.DIGIT_3)
    DIGIT_4                                  0x000006dd   Thumb Code    26  matriz_keyboard.o(i.DIGIT_4)
    DIGIT_5                                  0x000006fd   Thumb Code    26  matriz_keyboard.o(i.DIGIT_5)
    DIGIT_6                                  0x0000071d   Thumb Code    26  matriz_keyboard.o(i.DIGIT_6)
    DIGIT_7                                  0x0000073d   Thumb Code    28  matriz_keyboard.o(i.DIGIT_7)
    DIGIT_8                                  0x0000075d   Thumb Code    28  matriz_keyboard.o(i.DIGIT_8)
    DIGIT_9                                  0x0000077d   Thumb Code    28  matriz_keyboard.o(i.DIGIT_9)
    DIGIT_A                                  0x0000079d   Thumb Code    28  matriz_keyboard.o(i.DIGIT_A)
    DIGIT_AST                                0x000007bd   Thumb Code     8  matriz_keyboard.o(i.DIGIT_AST)
    DIGIT_B                                  0x000007c5   Thumb Code    28  matriz_keyboard.o(i.DIGIT_B)
    DIGIT_C                                  0x000007e5   Thumb Code    28  matriz_keyboard.o(i.DIGIT_C)
    Debouncing                               0x00000805   Thumb Code    12  matriz_keyboard.o(i.Debouncing)
    GPIOPortJ_Handler                        0x00000811   Thumb Code    62  gpio.o(i.GPIOPortJ_Handler)
    GPIO_Init                                0x00000859   Thumb Code   510  gpio.o(i.GPIO_Init)
    LCD_Data                                 0x00000ab1   Thumb Code    30  lcd.o(i.LCD_Data)
    LCD_Init                                 0x00000acf   Thumb Code    28  lcd.o(i.LCD_Init)
    LCD_Instruction                          0x00000aeb   Thumb Code    30  lcd.o(i.LCD_Instruction)
    LCD_Line2                                0x00000b09   Thumb Code    16  lcd.o(i.LCD_Line2)
    LCD_PrintString                          0x00000b19   Thumb Code    22  lcd.o(i.LCD_PrintString)
    LCD_Reset                                0x00000b2f   Thumb Code    16  lcd.o(i.LCD_Reset)
    MapMatrixKeyboard                        0x00000b3f   Thumb Code   238  matriz_keyboard.o(i.MapMatrixKeyboard)
    PortH_Output                             0x00000c2d   Thumb Code    16  gpio.o(i.PortH_Output)
    PortJ_Input                              0x00000c45   Thumb Code     6  gpio.o(i.PortJ_Input)
    PortK_Output                             0x00000c51   Thumb Code    22  gpio.o(i.PortK_Output)
    PortL_Input                              0x00000c71   Thumb Code     6  gpio.o(i.PortL_Input)
    PortM_Output                             0x00000c7d   Thumb Code    22  gpio.o(i.PortM_Output)
    Stepper_Motor_Init                       0x00000c9d   Thumb Code    10  stepper_motor.o(i.Stepper_Motor_Init)
    Timer2A_Handler                          0x00000ca9   Thumb Code    26  gpio.o(i.Timer2A_Handler)
    __hardfp_ceil                            0x00000cd1   Thumb Code   252  ceil.o(i.__hardfp_ceil)
    calculate_steps                          0x00000de9   Thumb Code   138  stepper_motor.o(i.calculate_steps)
    main                                     0x00000e8d   Thumb Code    84  main.o(i.main)
    print_numero                             0x00000f01   Thumb Code    82  lcd.o(i.print_numero)
    print_status                             0x00000f59   Thumb Code    80  lcd.o(i.print_status)
    process_digit                            0x00000fe5   Thumb Code    18  matriz_keyboard.o(i.process_digit)
    update_degrees                           0x00000ff9   Thumb Code    76  matriz_keyboard.o(i.update_degrees)
    zerar_memoria                            0x0000104d   Thumb Code    12  matriz_keyboard.o(i.zerar_memoria)
    __aeabi_dadd                             0x00001061   Thumb Code     0  daddsub_clz.o(x$fpl$dadd)
    _dadd                                    0x00001061   Thumb Code   332  daddsub_clz.o(x$fpl$dadd)
    __fpl_dcmp_Inf                           0x000011b1   Thumb Code    24  dcmpi.o(x$fpl$dcmpinf)
    __aeabi_ddiv                             0x000011c9   Thumb Code     0  ddiv.o(x$fpl$ddiv)
    _ddiv                                    0x000011c9   Thumb Code   552  ddiv.o(x$fpl$ddiv)
    __aeabi_d2uiz                            0x00001479   Thumb Code     0  dfixu.o(x$fpl$dfixu)
    _dfixu                                   0x00001479   Thumb Code    90  dfixu.o(x$fpl$dfixu)
    __aeabi_ui2d                             0x000014d3   Thumb Code     0  dflt_clz.o(x$fpl$dfltu)
    _dfltu                                   0x000014d3   Thumb Code    38  dflt_clz.o(x$fpl$dfltu)
    __aeabi_cdcmple                          0x000014f9   Thumb Code     0  dleqf.o(x$fpl$dleqf)
    _dcmple                                  0x000014f9   Thumb Code   120  dleqf.o(x$fpl$dleqf)
    __fpl_dcmple_InfNaN                      0x0000155b   Thumb Code     0  dleqf.o(x$fpl$dleqf)
    __fpl_dnaninf                            0x00001571   Thumb Code   156  dnaninf.o(x$fpl$dnaninf)
    __fpl_dretinf                            0x0000160d   Thumb Code    12  dretinf.o(x$fpl$dretinf)
    __aeabi_cdrcmple                         0x00001619   Thumb Code     0  drleqf.o(x$fpl$drleqf)
    _drcmple                                 0x00001619   Thumb Code   108  drleqf.o(x$fpl$drleqf)
    __aeabi_drsub                            0x00001685   Thumb Code     0  daddsub_clz.o(x$fpl$drsb)
    _drsb                                    0x00001685   Thumb Code    22  daddsub_clz.o(x$fpl$drsb)
    __aeabi_dsub                             0x0000169d   Thumb Code     0  daddsub_clz.o(x$fpl$dsub)
    _dsub                                    0x0000169d   Thumb Code   464  daddsub_clz.o(x$fpl$dsub)
    _fp_init                                 0x00001871   Thumb Code    10  fpinit.o(x$fpl$fpinit)
    __fplib_config_fpu_vfp                   0x00001879   Thumb Code     0  fpinit.o(x$fpl$fpinit)
    __fplib_config_pureend_doubles           0x00001879   Thumb Code     0  fpinit.o(x$fpl$fpinit)
    TABUADA_INIT1                            0x0000187a   Data          18  main.o(.constdata)
    __I$use$fp                               0x0000187a   Number         0  usenofp.o(x$fpl$usenofp)
    TABUADA_INIT2                            0x0000188c   Data          16  main.o(.constdata)
    EMPTY_STR                                0x0000189c   Data          17  main.o(.constdata)
    Region$$Table$$Base                      0x000018b0   Number         0  anon$$obj.o(Region$$Table)
    Region$$Table$$Limit                     0x000018d0   Number         0  anon$$obj.o(Region$$Table)
    R10                                      0x20000000   Data           4  main.o(.data)
    R11                                      0x20000004   Data           4  main.o(.data)
    R12                                      0x20000008   Data           4  main.o(.data)
    R9                                       0x2000000c   Data           4  main.o(.data)
    R8                                       0x20000010   Data           4  main.o(.data)
    stepperMotorActive                       0x20000014   Data           4  gpio.o(.data)
    degrees                                  0x20000018   Data           4  matriz_keyboard.o(.data)
    laps                                     0x2000001c   Data           4  matriz_keyboard.o(.data)
    motor_State                              0x20000020   Data           4  matriz_keyboard.o(.data)
    dir                                      0x20000024   Data           4  matriz_keyboard.o(.data)
    steps_full                               0x20000028   Data          32  stepper_motor.o(.data)
    steps_half                               0x20000048   Data          32  stepper_motor.o(.data)
    step                                     0x20000068   Data           4  stepper_motor.o(.data)
    steps_to_do                              0x2000006c   Data           4  stepper_motor.o(.data)
    __libspace_start                         0x20000070   Data          96  libspace.o(.bss)
    __temporary_stack_top$libspace           0x200000d0   Data           0  libspace.o(.bss)



==============================================================================

Memory Map of the image

  Image Entry point : 0x00000209

  Load Region LR_1 (Base: 0x00000000, Size: 0x00001940, Max: 0xffffffff, ABSOLUTE)

    Execution Region ER_RO (Exec base: 0x00000000, Load base: 0x00000000, Size: 0x000018d0, Max: 0xffffffff, ABSOLUTE)

    Exec Addr    Load Addr    Size         Type   Attr      Idx    E Section Name        Object

    0x00000000   0x00000000   0x00000230   Code   RO            3  * RESET               startup.o
    0x00000230   0x00000230   0x00000008   Code   RO          369  * !!!main             c_w.l(__main.o)
    0x00000238   0x00000238   0x00000034   Code   RO          565    !!!scatter          c_w.l(__scatter.o)
    0x0000026c   0x0000026c   0x0000001a   Code   RO          567    !!handler_copy      c_w.l(__scatter_copy.o)
    0x00000286   0x00000286   0x00000002   PAD
    0x00000288   0x00000288   0x0000001c   Code   RO          569    !!handler_zi        c_w.l(__scatter_zi.o)
    0x000002a4   0x000002a4   0x00000002   Code   RO          431    .ARM.Collect$$libinit$$00000000  c_w.l(libinit.o)
    0x000002a6   0x000002a6   0x00000004   Code   RO          439    .ARM.Collect$$libinit$$00000001  c_w.l(libinit2.o)
    0x000002aa   0x000002aa   0x00000000   Code   RO          442    .ARM.Collect$$libinit$$00000004  c_w.l(libinit2.o)
    0x000002aa   0x000002aa   0x00000000   Code   RO          445    .ARM.Collect$$libinit$$0000000A  c_w.l(libinit2.o)
    0x000002aa   0x000002aa   0x00000000   Code   RO          447    .ARM.Collect$$libinit$$0000000C  c_w.l(libinit2.o)
    0x000002aa   0x000002aa   0x00000000   Code   RO          449    .ARM.Collect$$libinit$$0000000E  c_w.l(libinit2.o)
    0x000002aa   0x000002aa   0x00000000   Code   RO          452    .ARM.Collect$$libinit$$00000011  c_w.l(libinit2.o)
    0x000002aa   0x000002aa   0x00000000   Code   RO          454    .ARM.Collect$$libinit$$00000013  c_w.l(libinit2.o)
    0x000002aa   0x000002aa   0x00000000   Code   RO          456    .ARM.Collect$$libinit$$00000015  c_w.l(libinit2.o)
    0x000002aa   0x000002aa   0x00000000   Code   RO          458    .ARM.Collect$$libinit$$00000017  c_w.l(libinit2.o)
    0x000002aa   0x000002aa   0x00000000   Code   RO          460    .ARM.Collect$$libinit$$00000019  c_w.l(libinit2.o)
    0x000002aa   0x000002aa   0x00000000   Code   RO          462    .ARM.Collect$$libinit$$0000001B  c_w.l(libinit2.o)
    0x000002aa   0x000002aa   0x00000000   Code   RO          464    .ARM.Collect$$libinit$$0000001D  c_w.l(libinit2.o)
    0x000002aa   0x000002aa   0x00000000   Code   RO          466    .ARM.Collect$$libinit$$0000001F  c_w.l(libinit2.o)
    0x000002aa   0x000002aa   0x00000000   Code   RO          468    .ARM.Collect$$libinit$$00000021  c_w.l(libinit2.o)
    0x000002aa   0x000002aa   0x00000000   Code   RO          470    .ARM.Collect$$libinit$$00000023  c_w.l(libinit2.o)
    0x000002aa   0x000002aa   0x00000000   Code   RO          472    .ARM.Collect$$libinit$$00000025  c_w.l(libinit2.o)
    0x000002aa   0x000002aa   0x00000000   Code   RO          476    .ARM.Collect$$libinit$$0000002C  c_w.l(libinit2.o)
    0x000002aa   0x000002aa   0x00000000   Code   RO          478    .ARM.Collect$$libinit$$0000002E  c_w.l(libinit2.o)
    0x000002aa   0x000002aa   0x00000000   Code   RO          480    .ARM.Collect$$libinit$$00000030  c_w.l(libinit2.o)
    0x000002aa   0x000002aa   0x00000000   Code   RO          482    .ARM.Collect$$libinit$$00000032  c_w.l(libinit2.o)
    0x000002aa   0x000002aa   0x00000002   Code   RO          483    .ARM.Collect$$libinit$$00000033  c_w.l(libinit2.o)
    0x000002ac   0x000002ac   0x00000002   Code   RO          503    .ARM.Collect$$libshutdown$$00000000  c_w.l(libshutdown.o)
    0x000002ae   0x000002ae   0x00000000   Code   RO          516    .ARM.Collect$$libshutdown$$00000002  c_w.l(libshutdown2.o)
    0x000002ae   0x000002ae   0x00000000   Code   RO          518    .ARM.Collect$$libshutdown$$00000004  c_w.l(libshutdown2.o)
    0x000002ae   0x000002ae   0x00000000   Code   RO          520    .ARM.Collect$$libshutdown$$00000006  c_w.l(libshutdown2.o)
    0x000002ae   0x000002ae   0x00000000   Code   RO          523    .ARM.Collect$$libshutdown$$00000009  c_w.l(libshutdown2.o)
    0x000002ae   0x000002ae   0x00000000   Code   RO          526    .ARM.Collect$$libshutdown$$0000000C  c_w.l(libshutdown2.o)
    0x000002ae   0x000002ae   0x00000000   Code   RO          528    .ARM.Collect$$libshutdown$$0000000E  c_w.l(libshutdown2.o)
    0x000002ae   0x000002ae   0x00000000   Code   RO          531    .ARM.Collect$$libshutdown$$00000011  c_w.l(libshutdown2.o)
    0x000002ae   0x000002ae   0x00000002   Code   RO          532    .ARM.Collect$$libshutdown$$00000012  c_w.l(libshutdown2.o)
    0x000002b0   0x000002b0   0x00000000   Code   RO          391    .ARM.Collect$$rtentry$$00000000  c_w.l(__rtentry.o)
    0x000002b0   0x000002b0   0x00000000   Code   RO          406    .ARM.Collect$$rtentry$$00000002  c_w.l(__rtentry2.o)
    0x000002b0   0x000002b0   0x00000006   Code   RO          418    .ARM.Collect$$rtentry$$00000004  c_w.l(__rtentry4.o)
    0x000002b6   0x000002b6   0x00000000   Code   RO          408    .ARM.Collect$$rtentry$$00000009  c_w.l(__rtentry2.o)
    0x000002b6   0x000002b6   0x00000004   Code   RO          409    .ARM.Collect$$rtentry$$0000000A  c_w.l(__rtentry2.o)
    0x000002ba   0x000002ba   0x00000000   Code   RO          411    .ARM.Collect$$rtentry$$0000000C  c_w.l(__rtentry2.o)
    0x000002ba   0x000002ba   0x00000008   Code   RO          412    .ARM.Collect$$rtentry$$0000000D  c_w.l(__rtentry2.o)
    0x000002c2   0x000002c2   0x00000002   Code   RO          437    .ARM.Collect$$rtexit$$00000000  c_w.l(rtexit.o)
    0x000002c4   0x000002c4   0x00000000   Code   RO          485    .ARM.Collect$$rtexit$$00000002  c_w.l(rtexit2.o)
    0x000002c4   0x000002c4   0x00000004   Code   RO          486    .ARM.Collect$$rtexit$$00000003  c_w.l(rtexit2.o)
    0x000002c8   0x000002c8   0x00000006   Code   RO          487    .ARM.Collect$$rtexit$$00000004  c_w.l(rtexit2.o)
    0x000002ce   0x000002ce   0x00000002   PAD
    0x000002d0   0x000002d0   0x00000030   Code   RO            4    .text               startup.o
    0x00000300   0x00000300   0x000001e4   Code   RO           12    .text               utils.o
    0x000004e4   0x000004e4   0x00000006   Code   RO          367    .text               c_w.l(heapauxi.o)
    0x000004ea   0x000004ea   0x0000004a   Code   RO          422    .text               c_w.l(sys_stackheap_outer.o)
    0x00000534   0x00000534   0x00000012   Code   RO          424    .text               c_w.l(exit.o)
    0x00000546   0x00000546   0x00000002   PAD
    0x00000548   0x00000548   0x00000008   Code   RO          434    .text               c_w.l(libspace.o)
    0x00000550   0x00000550   0x0000000c   Code   RO          495    .text               c_w.l(sys_exit.o)
    0x0000055c   0x0000055c   0x00000002   Code   RO          506    .text               c_w.l(use_no_semi.o)
    0x0000055e   0x0000055e   0x00000000   Code   RO          508    .text               c_w.l(indicate_semi.o)
    0x0000055e   0x0000055e   0x00000002   PAD
    0x00000560   0x00000560   0x0000010c   Code   RO          333    i.Control_Stepper_Motor  stepper_motor.o
    0x0000066c   0x0000066c   0x0000000e   Code   RO          146    i.DIGIT_0           matriz_keyboard.o
    0x0000067a   0x0000067a   0x00000002   PAD
    0x0000067c   0x0000067c   0x00000020   Code   RO          147    i.DIGIT_1           matriz_keyboard.o
    0x0000069c   0x0000069c   0x00000020   Code   RO          148    i.DIGIT_2           matriz_keyboard.o
    0x000006bc   0x000006bc   0x00000020   Code   RO          149    i.DIGIT_3           matriz_keyboard.o
    0x000006dc   0x000006dc   0x00000020   Code   RO          150    i.DIGIT_4           matriz_keyboard.o
    0x000006fc   0x000006fc   0x00000020   Code   RO          151    i.DIGIT_5           matriz_keyboard.o
    0x0000071c   0x0000071c   0x00000020   Code   RO          152    i.DIGIT_6           matriz_keyboard.o
    0x0000073c   0x0000073c   0x00000020   Code   RO          153    i.DIGIT_7           matriz_keyboard.o
    0x0000075c   0x0000075c   0x00000020   Code   RO          154    i.DIGIT_8           matriz_keyboard.o
    0x0000077c   0x0000077c   0x00000020   Code   RO          155    i.DIGIT_9           matriz_keyboard.o
    0x0000079c   0x0000079c   0x00000020   Code   RO          156    i.DIGIT_A           matriz_keyboard.o
    0x000007bc   0x000007bc   0x00000008   Code   RO          157    i.DIGIT_AST         matriz_keyboard.o
    0x000007c4   0x000007c4   0x00000020   Code   RO          158    i.DIGIT_B           matriz_keyboard.o
    0x000007e4   0x000007e4   0x00000020   Code   RO          159    i.DIGIT_C           matriz_keyboard.o
    0x00000804   0x00000804   0x0000000c   Code   RO          160    i.Debouncing        matriz_keyboard.o
    0x00000810   0x00000810   0x00000048   Code   RO           58    i.GPIOPortJ_Handler  gpio.o
    0x00000858   0x00000858   0x00000258   Code   RO           59    i.GPIO_Init         gpio.o
    0x00000ab0   0x00000ab0   0x0000001e   Code   RO          272    i.LCD_Data          lcd.o
    0x00000ace   0x00000ace   0x0000001c   Code   RO          273    i.LCD_Init          lcd.o
    0x00000aea   0x00000aea   0x0000001e   Code   RO          274    i.LCD_Instruction   lcd.o
    0x00000b08   0x00000b08   0x00000010   Code   RO          275    i.LCD_Line2         lcd.o
    0x00000b18   0x00000b18   0x00000016   Code   RO          276    i.LCD_PrintString   lcd.o
    0x00000b2e   0x00000b2e   0x00000010   Code   RO          277    i.LCD_Reset         lcd.o
    0x00000b3e   0x00000b3e   0x000000ee   Code   RO          161    i.MapMatrixKeyboard  matriz_keyboard.o
    0x00000c2c   0x00000c2c   0x00000018   Code   RO           61    i.PortH_Output      gpio.o
    0x00000c44   0x00000c44   0x0000000c   Code   RO           62    i.PortJ_Input       gpio.o
    0x00000c50   0x00000c50   0x00000020   Code   RO           63    i.PortK_Output      gpio.o
    0x00000c70   0x00000c70   0x0000000c   Code   RO           64    i.PortL_Input       gpio.o
    0x00000c7c   0x00000c7c   0x00000020   Code   RO           65    i.PortM_Output      gpio.o
    0x00000c9c   0x00000c9c   0x0000000a   Code   RO          334    i.Stepper_Motor_Init  stepper_motor.o
    0x00000ca6   0x00000ca6   0x00000002   PAD
    0x00000ca8   0x00000ca8   0x00000024   Code   RO           69    i.Timer2A_Handler   gpio.o
    0x00000ccc   0x00000ccc   0x00000004   PAD
    0x00000cd0   0x00000cd0   0x00000118   Code   RO          385    i.__hardfp_ceil     m_wm.l(ceil.o)
    0x00000de8   0x00000de8   0x000000a4   Code   RO          335    i.calculate_steps   stepper_motor.o
    0x00000e8c   0x00000e8c   0x00000074   Code   RO           16    i.main              main.o
    0x00000f00   0x00000f00   0x00000058   Code   RO          278    i.print_numero      lcd.o
    0x00000f58   0x00000f58   0x0000008c   Code   RO          279    i.print_status      lcd.o
    0x00000fe4   0x00000fe4   0x00000012   Code   RO          162    i.process_digit     matriz_keyboard.o
    0x00000ff6   0x00000ff6   0x00000002   PAD
    0x00000ff8   0x00000ff8   0x00000054   Code   RO          163    i.update_degrees    matriz_keyboard.o
    0x0000104c   0x0000104c   0x00000014   Code   RO          164    i.zerar_memoria     matriz_keyboard.o
    0x00001060   0x00001060   0x00000150   Code   RO          392    x$fpl$dadd          fz_wm.l(daddsub_clz.o)
    0x000011b0   0x000011b0   0x00000018   Code   RO          432    x$fpl$dcmpinf       fz_wm.l(dcmpi.o)
    0x000011c8   0x000011c8   0x000002b0   Code   RO          372    x$fpl$ddiv          fz_wm.l(ddiv.o)
    0x00001478   0x00001478   0x0000005a   Code   RO          375    x$fpl$dfixu         fz_wm.l(dfixu.o)
    0x000014d2   0x000014d2   0x00000026   Code   RO          379    x$fpl$dfltu         fz_wm.l(dflt_clz.o)
    0x000014f8   0x000014f8   0x00000078   Code   RO          420    x$fpl$dleqf         fz_wm.l(dleqf.o)
    0x00001570   0x00001570   0x0000009c   Code   RO          398    x$fpl$dnaninf       fz_wm.l(dnaninf.o)
    0x0000160c   0x0000160c   0x0000000c   Code   RO          400    x$fpl$dretinf       fz_wm.l(dretinf.o)
    0x00001618   0x00001618   0x0000006c   Code   RO          402    x$fpl$drleqf        fz_wm.l(drleqf.o)
    0x00001684   0x00001684   0x00000016   Code   RO          393    x$fpl$drsb          fz_wm.l(daddsub_clz.o)
    0x0000169a   0x0000169a   0x00000002   PAD
    0x0000169c   0x0000169c   0x000001d4   Code   RO          394    x$fpl$dsub          fz_wm.l(daddsub_clz.o)
    0x00001870   0x00001870   0x0000000a   Code   RO          493    x$fpl$fpinit        fz_wm.l(fpinit.o)
    0x0000187a   0x0000187a   0x00000000   Code   RO          404    x$fpl$usenofp       fz_wm.l(usenofp.o)
    0x0000187a   0x0000187a   0x00000033   Data   RO           17    .constdata          main.o
    0x000018ad   0x000018ad   0x00000003   PAD
    0x000018b0   0x000018b0   0x00000020   Data   RO          563    Region$$Table       anon$$obj.o


    Execution Region ER_RW (Exec base: 0x20000000, Load base: 0x000018d0, Size: 0x00000070, Max: 0xffffffff, ABSOLUTE)

    Exec Addr    Load Addr    Size         Type   Attr      Idx    E Section Name        Object

    0x20000000   0x000018d0   0x00000014   Data   RW           18    .data               main.o
    0x20000014   0x000018e4   0x00000004   Data   RW           70    .data               gpio.o
    0x20000018   0x000018e8   0x00000010   Data   RW          165    .data               matriz_keyboard.o
    0x20000028   0x000018f8   0x00000048   Data   RW          336    .data               stepper_motor.o


    Execution Region ER_ZI (Exec base: 0x20000070, Load base: 0x00001940, Size: 0x00000460, Max: 0xffffffff, ABSOLUTE)

    Exec Addr    Load Addr    Size         Type   Attr      Idx    E Section Name        Object

    0x20000070        -       0x00000060   Zero   RW          435    .bss                c_w.l(libspace.o)
    0x200000d0        -       0x00000000   Zero   RW            2    HEAP                startup.o
    0x200000d0        -       0x00000400   Zero   RW            1    STACK               startup.o


==============================================================================

Image component sizes


      Code (inc. data)   RO Data    RW Data    ZI Data      Debug   Object Name

       820        150          0          4          0       4168   gpio.o
       370         66          0          0          0       3976   lcd.o
       116         32         51         20          0       5894   main.o
       778         76          0         16          0       9251   matriz_keyboard.o
       608        532          0          0       1024       1000   startup.o
       442         48          0         72          0       2598   stepper_motor.o
       484         92          0          0          0        364   utils.o

    ----------------------------------------------------------------------
      3628       1000         86        112       1024      27251   Object Totals
         0          0         32          0          0          0   (incl. Generated)
        10          4          3          0          0          0   (incl. Padding)

    ----------------------------------------------------------------------

      Code (inc. data)   RO Data    RW Data    ZI Data      Debug   Library Member Name

         8          0          0          0          0         68   __main.o
         0          0          0          0          0          0   __rtentry.o
        12          0          0          0          0          0   __rtentry2.o
         6          0          0          0          0          0   __rtentry4.o
        52          8          0          0          0          0   __scatter.o
        26          0          0          0          0          0   __scatter_copy.o
        28          0          0          0          0          0   __scatter_zi.o
        18          0          0          0          0         80   exit.o
         6          0          0          0          0        152   heapauxi.o
         0          0          0          0          0          0   indicate_semi.o
         2          0          0          0          0          0   libinit.o
         6          0          0          0          0          0   libinit2.o
         2          0          0          0          0          0   libshutdown.o
         2          0          0          0          0          0   libshutdown2.o
         8          4          0          0         96         68   libspace.o
         2          0          0          0          0          0   rtexit.o
        10          0          0          0          0          0   rtexit2.o
        12          4          0          0          0         68   sys_exit.o
        74          0          0          0          0         80   sys_stackheap_outer.o
         2          0          0          0          0         68   use_no_semi.o
       826         16          0          0          0        492   daddsub_clz.o
        24          0          0          0          0        116   dcmpi.o
       688        140          0          0          0        256   ddiv.o
        90          4          0          0          0        140   dfixu.o
        38          0          0          0          0        116   dflt_clz.o
       120          4          0          0          0        140   dleqf.o
       156          4          0          0          0        140   dnaninf.o
        12          0          0          0          0        116   dretinf.o
       108          0          0          0          0        128   drleqf.o
        10          0          0          0          0        116   fpinit.o
         0          0          0          0          0          0   usenofp.o
       280         28          0          0          0        156   ceil.o

    ----------------------------------------------------------------------
      2638        212          0          0         96       2500   Library Totals
        10          0          0          0          0          0   (incl. Padding)

    ----------------------------------------------------------------------

      Code (inc. data)   RO Data    RW Data    ZI Data      Debug   Library Name

       276         16          0          0         96        584   c_w.l
      2072        168          0          0          0       1760   fz_wm.l
       280         28          0          0          0        156   m_wm.l

    ----------------------------------------------------------------------
      2638        212          0          0         96       2500   Library Totals

    ----------------------------------------------------------------------

==============================================================================


      Code (inc. data)   RO Data    RW Data    ZI Data      Debug   

      6266       1212         86        112       1120      24995   Grand Totals
      6266       1212         86        112       1120      24995   ELF Image Totals
      6266       1212         86        112          0          0   ROM Totals

==============================================================================

    Total RO  Size (Code + RO Data)                 6352 (   6.20kB)
    Total RW  Size (RW Data + ZI Data)              1232 (   1.20kB)
    Total ROM Size (Code + RO Data + RW Data)       6464 (   6.31kB)

==============================================================================

