<html>
<body>
<pre>
<h1>µVision Build Log</h1>
<h2>Tool Versions:</h2>
IDE-Version: µVision V5.36.0.0
Copyright (C) 2021 ARM Ltd and ARM Germany GmbH. All rights reserved.
License Information: Bruno Kunnen, UTFPR, LIC=----
 
Tool Versions:
Toolchain:       MDK-Lite  Version: 5.36.0.0
Toolchain Path:  F:\Keil_v5\ARM\ARMCLANG\Bin
C Compiler:      ArmClang.exe V6.16
Assembler:       Armasm.exe V6.16
Linker/Locator:  ArmLink.exe V6.16
Library Manager: ArmAr.exe V6.16
Hex Converter:   FromElf.exe V6.16
CPU DLL:         SARMCM3.DLL V5.36.0.0
Dialog DLL:      DCM.DLL V1.17.3.0
Target DLL:      lmidk-agdi.dll V???
Dialog DLL:      TCM.DLL V1.53.0.0
 
<h2>Project:</h2>
C:\Users\bruno\Downloads\micro_master\sistemas-microcontrolados-master\Lab4\Lab4\lab03.uvprojx
Project File Date:  02/11/2025

<h2>Output:</h2>
*** Using Compiler 'V6.16', folder: 'F:\Keil_v5\ARM\ARMCLANG\Bin'
Build target 'Target 1'
main.c(72): warning: invalid conversion specifier '\x0a' [-Wformat-invalid-specifier]
                                sprintf(str, "Velocidade do motor: %d\%\n\r", duty_cycle);
                                                                     ~~^
1 warning generated.
compiling main.c...
linking...
Program Size: Code=4146 RO-data=454 RW-data=8 ZI-data=1136  
".\Objects\exemplo.axf" - 0 Error(s), 1 Warning(s).

<h2>Software Packages used:</h2>

Package Vendor: Keil
                http://www.keil.com/pack/Keil.TM4C_DFP.1.1.0.pack
                Keil.TM4C_DFP.1.1.0
                Texas Instruments Tiva C Series Device Support and Examples

<h2>Collection of Component include folders:</h2>
  C:\Users\bruno\AppData\Local\Arm\Packs\Keil\TM4C_DFP\1.1.0\Device\Include\TM4C129

<h2>Collection of Component Files used:</h2>
Build Time Elapsed:  00:00:01
</pre>
</body>
</html>
